<html>
<body>
<pre>
<h1>µVision Build Log</h1>
<h2>Tool Versions:</h2>
IDE-Version: ¦ÌVision V5.33.0.0
Copyright (C) 2020 ARM Ltd and ARM Germany GmbH. All rights reserved.
License Information: Liu ChuanXi, Xi'an University of Posts and Telecommunications, LIC=S5ISZ-JB3K7-RFWIZ-J28YT-Q26WN-CSLA0
 
Tool Versions:
Toolchain:       MDK-ARM Professional  Version: 5.33.0.0
Toolchain Path:  E:\KeiluVision5\ARM\ARMCC\Bin
C Compiler:      Armcc.exe V5.06 update 7 (build 960)
Assembler:       Armasm.exe V5.06 update 7 (build 960)
Linker/Locator:  ArmLink.exe V5.06 update 7 (build 960)
Library Manager: ArmAr.exe V5.06 update 7 (build 960)
Hex Converter:   FromElf.exe V5.06 update 7 (build 960)
CPU DLL:         SARMCM3.DLL V5.33.0.0
Dialog DLL:      DCM.DLL V1.17.3.0
Target DLL:      UL2CM3.DLL V1.163.9.0
Dialog DLL:      TCM.DLL V1.48.0.0
 
<h2>Project:</h2>
E:\STM32\Program\10-Ð¡³µ\USR\test.uvproj
Project File Date:  12/24/2020

<h2>Output:</h2>
*** Using Compiler 'V5.06 update 7 (build 960)', folder: 'E:\KeiluVision5\ARM\ARMCC\Bin'
Rebuild target 'Targets1'
assembling startup_stm32f10x_hd.s...
compiling check.c...
compiling usart2.c...
compiling changemode.c...
compiling key.c...
compiling delay.c...
compiling pwm.c...
compiling led.c...
compiling sys.c...
compiling usart.c...
compiling infrared.c...
compiling main.c...
compiling ultrasonic.c...
compiling nixietube.c...
compiling buzzer.c...
compiling copycat.c...
compiling remote.c...
compiling bluetooth.c...
linking...
Program Size: Code=16784 RO-data=852 RW-data=32 ZI-data=2248  
FromELF: creating hex file...
"..\OBJ\test.axf" - 0 Error(s), 0 Warning(s).
Build Time Elapsed:  00:00:01
</pre>
</body>
</html>
