Component: ARM Compiler 5.06 update 7 (build 960) Tool: armlink [4d3601]

==============================================================================

Section Cross References

    startup_stm32f10x_hd.o(STACK) refers (Special) to heapauxi.o(.text) for __use_two_region_memory
    startup_stm32f10x_hd.o(HEAP) refers (Special) to heapauxi.o(.text) for __use_two_region_memory
    startup_stm32f10x_hd.o(RESET) refers (Special) to heapauxi.o(.text) for __use_two_region_memory
    startup_stm32f10x_hd.o(RESET) refers to startup_stm32f10x_hd.o(STACK) for __initial_sp
    startup_stm32f10x_hd.o(RESET) refers to startup_stm32f10x_hd.o(.text) for Reset_Handler
    startup_stm32f10x_hd.o(RESET) refers to changemode.o(.text) for EXTI0_IRQHandler
    startup_stm32f10x_hd.o(RESET) refers to ultrasonic.o(.text) for TIM1_CC_IRQHandler
    startup_stm32f10x_hd.o(RESET) refers to usart2.o(.text) for TIM2_IRQHandler
    startup_stm32f10x_hd.o(RESET) refers to led.o(.text) for TIM3_IRQHandler
    startup_stm32f10x_hd.o(RESET) refers to usart.o(.text) for USART1_IRQHandler
    startup_stm32f10x_hd.o(RESET) refers to remote.o(.text) for TIM5_IRQHandler
    startup_stm32f10x_hd.o(.text) refers (Special) to heapauxi.o(.text) for __use_two_region_memory
    startup_stm32f10x_hd.o(.text) refers to __main.o(!!!main) for __main
    startup_stm32f10x_hd.o(.text) refers to startup_stm32f10x_hd.o(HEAP) for Heap_Mem
    startup_stm32f10x_hd.o(.text) refers to startup_stm32f10x_hd.o(STACK) for Stack_Mem
    main.o(.text) refers to sys.o(.text) for Stm32_Clock_Init
    main.o(.text) refers to delay.o(.text) for delay_init
    main.o(.text) refers to key.o(.text) for KEY_Init
    main.o(.text) refers to changemode.o(.text) for ChangeMode_Init
    main.o(.text) refers to buzzer.o(.text) for Buzzer_Init
    main.o(.text) refers to nixietube.o(.text) for NixieTube_Init
    main.o(.text) refers to led.o(.text) for LED_Init
    main.o(.text) refers to ultrasonic.o(.text) for Ultrasonic_Init
    main.o(.text) refers to infrared.o(.text) for Infrared_Init
    main.o(.text) refers to pwm.o(.text) for PWM_Init
    main.o(.text) refers to bluetooth.o(.text) for Bluetooth_Init
    main.o(.text) refers to check.o(.text) for Check1
    main.o(.text) refers to copycat.o(.text) for Copycat
    main.o(.text) refers to remote.o(.text) for Remote
    main.o(.text) refers to main.o(.data) for mode
    delay.o(.text) refers to delay.o(.data) for fac_us
    sys.o(.text) refers to sys.o(.emb_text) for WFI_SET
    usart.o(.rev16_text) refers (Special) to use_no_semi_2.o(.text) for __use_no_semihosting
    usart.o(.revsh_text) refers (Special) to use_no_semi_2.o(.text) for __use_no_semihosting
    usart.o(.text) refers (Special) to use_no_semi_2.o(.text) for __use_no_semihosting
    usart.o(.text) refers to fflt_clz.o(x$fpl$ffltu) for __aeabi_ui2f
    usart.o(.text) refers to fdiv.o(x$fpl$fdiv) for __aeabi_fdiv
    usart.o(.text) refers to ffixu.o(x$fpl$ffixu) for __aeabi_f2uiz
    usart.o(.text) refers to faddsub_clz.o(x$fpl$frsb) for __aeabi_frsub
    usart.o(.text) refers to fmul.o(x$fpl$fmul) for __aeabi_fmul
    usart.o(.text) refers to sys.o(.text) for MY_NVIC_Init
    usart.o(.text) refers to usart.o(.data) for USART_RX_STA
    usart.o(.text) refers to usart.o(.bss) for USART_RX_BUF
    usart.o(.bss) refers (Special) to use_no_semi_2.o(.text) for __use_no_semihosting
    usart.o(.data) refers (Special) to use_no_semi_2.o(.text) for __use_no_semihosting
    usart2.o(.text) refers to sys.o(.text) for MY_NVIC_Init
    usart2.o(.text) refers to delay.o(.text) for delay_us
    usart2.o(.text) refers to c89vsprintf.o(.text) for __c89vsprintf
    usart2.o(.text) refers to strlen.o(.text) for strlen
    usart2.o(.text) refers to usart2.o(.data) for USART2_RX_STA
    usart2.o(.text) refers to usart2.o(.bss) for USART2_RX_BUF
    changemode.o(.text) refers to sys.o(.text) for Ex_NVIC_Config
    changemode.o(.text) refers to delay.o(.text) for delay_ms
    changemode.o(.text) refers to buzzer.o(.text) for Buzzer
    changemode.o(.text) refers to nixietube.o(.text) for NixieTube
    changemode.o(.text) refers to main.o(.data) for ex_mode
    changemode.o(.text) refers to changemode.o(.data) for key_up
    check.o(.text) refers to delay.o(.text) for delay_ms
    check.o(.text) refers to pwm.o(.text) for Car_Turn_Speed_pwm
    check.o(.text) refers to buzzer.o(.text) for Buzzer
    check.o(.text) refers to main.o(.data) for ex_mode
    infrared.o(.text) refers to pwm.o(.text) for Car_Turn_Speed_pwm
    infrared.o(.text) refers to delay.o(.text) for delay_ms
    infrared.o(.text) refers to main.o(.data) for ex_mode
    key.o(.text) refers to sys.o(.text) for JTAG_Set
    led.o(.text) refers to sys.o(.text) for MY_NVIC_Init
    led.o(.text) refers to main.o(.data) for ex_mode
    nixietube.o(.text) refers to delay.o(.text) for delay_ms
    ultrasonic.o(.text) refers to dflt_clz.o(x$fpl$dflt) for __aeabi_i2d
[...]
    ..\\HARDWARE\\Buzzer\\buzzer.c           0x00000000   Number         0  buzzer.o ABSOLUTE
    ..\\HARDWARE\\Copycat\\copycat.c         0x00000000   Number         0  copycat.o ABSOLUTE
    ..\\HARDWARE\\InfraRed\\infrared.c       0x00000000   Number         0  infrared.o ABSOLUTE
    ..\\HARDWARE\\Key\\key.c                 0x00000000   Number         0  key.o ABSOLUTE
    ..\\HARDWARE\\Led\\led.c                 0x00000000   Number         0  led.o ABSOLUTE
    ..\\HARDWARE\\NixieTube\\nixietube.c     0x00000000   Number         0  nixietube.o ABSOLUTE
    ..\\HARDWARE\\Remote\\remote.c           0x00000000   Number         0  remote.o ABSOLUTE
    ..\\HARDWARE\\Ultrasonic\\ultrasonic.c   0x00000000   Number         0  ultrasonic.o ABSOLUTE
    ..\\INTERRUPT\\ChangeMode\\changemode.c  0x00000000   Number         0  changemode.o ABSOLUTE
    ..\\SYSTEM\\delay\\delay.c               0x00000000   Number         0  delay.o ABSOLUTE
    ..\\SYSTEM\\sys\\sys.c                   0x00000000   Number         0  sys.o ABSOLUTE
    ..\\SYSTEM\\usart\\usart.c               0x00000000   Number         0  usart.o ABSOLUTE
    ..\\SYSTEM\\usart\\usart2.c              0x00000000   Number         0  usart2.o ABSOLUTE
    ..\\TIME\\Pwm\\pwm.c                     0x00000000   Number         0  pwm.o ABSOLUTE
    dc.s                                     0x00000000   Number         0  dc.o ABSOLUTE
    main.c                                   0x00000000   Number         0  main.o ABSOLUTE
    main.c                                   0x00000000   Number         0  main.o ABSOLUTE
    startup_stm32f10x_hd.s                   0x00000000   Number         0  startup_stm32f10x_hd.o ABSOLUTE
    RESET                                    0x08000000   Section      304  startup_stm32f10x_hd.o(RESET)
    !!!main                                  0x08000130   Section        8  __main.o(!!!main)
    !!!scatter                               0x08000138   Section       52  __scatter.o(!!!scatter)
    !!handler_copy                           0x0800016c   Section       26  __scatter_copy.o(!!handler_copy)
    !!handler_zi                             0x08000188   Section       28  __scatter_zi.o(!!handler_zi)
    .ARM.Collect$$_printf_percent$$00000000  0x080001a4   Section        0  _printf_percent.o(.ARM.Collect$$_printf_percent$$00000000)
    .ARM.Collect$$_printf_percent$$00000001  0x080001a4   Section        6  _printf_n.o(.ARM.Collect$$_printf_percent$$00000001)
    .ARM.Collect$$_printf_percent$$00000002  0x080001aa   Section        6  _printf_p.o(.ARM.Collect$$_printf_percent$$00000002)
    .ARM.Collect$$_printf_percent$$00000003  0x080001b0   Section        6  _printf_f.o(.ARM.Collect$$_printf_percent$$00000003)
    .ARM.Collect$$_printf_percent$$00000004  0x080001b6   Section        6  _printf_e.o(.ARM.Collect$$_printf_percent$$00000004)
    .ARM.Collect$$_printf_percent$$00000005  0x080001bc   Section        6  _printf_g.o(.ARM.Collect$$_printf_percent$$00000005)
    .ARM.Collect$$_printf_percent$$00000006  0x080001c2   Section        6  _printf_a.o(.ARM.Collect$$_printf_percent$$00000006)
    .ARM.Collect$$_printf_percent$$00000007  0x080001c8   Section       10  _printf_ll.o(.ARM.Collect$$_printf_percent$$00000007)
    .ARM.Collect$$_printf_percent$$00000008  0x080001d2   Section        6  _printf_i.o(.ARM.Collect$$_printf_percent$$00000008)
    .ARM.Collect$$_printf_percent$$00000009  0x080001d8   Section        6  _printf_d.o(.ARM.Collect$$_printf_percent$$00000009)
    .ARM.Collect$$_printf_percent$$0000000A  0x080001de   Section        6  _printf_u.o(.ARM.Collect$$_printf_percent$$0000000A)
    .ARM.Collect$$_printf_percent$$0000000B  0x080001e4   Section        6  _printf_o.o(.ARM.Collect$$_printf_percent$$0000000B)
    .ARM.Collect$$_printf_percent$$0000000C  0x080001ea   Section        6  _printf_x.o(.ARM.Collect$$_printf_percent$$0000000C)
    .ARM.Collect$$_printf_percent$$0000000D  0x080001f0   Section        6  _printf_lli.o(.ARM.Collect$$_printf_percent$$0000000D)
    .ARM.Collect$$_printf_percent$$0000000E  0x080001f6   Section        6  _printf_lld.o(.ARM.Collect$$_printf_percent$$0000000E)
    .ARM.Collect$$_printf_percent$$0000000F  0x080001fc   Section        6  _printf_llu.o(.ARM.Collect$$_printf_percent$$0000000F)
    .ARM.Collect$$_printf_percent$$00000010  0x08000202   Section        6  _printf_llo.o(.ARM.Collect$$_printf_percent$$00000010)
    .ARM.Collect$$_printf_percent$$00000011  0x08000208   Section        6  _printf_llx.o(.ARM.Collect$$_printf_percent$$00000011)
    .ARM.Collect$$_printf_percent$$00000012  0x0800020e   Section       10  _printf_l.o(.ARM.Collect$$_printf_percent$$00000012)
    .ARM.Collect$$_printf_percent$$00000013  0x08000218   Section        6  _printf_c.o(.ARM.Collect$$_printf_percent$$00000013)
    .ARM.Collect$$_printf_percent$$00000014  0x0800021e   Section        6  _printf_s.o(.ARM.Collect$$_printf_percent$$00000014)
    .ARM.Collect$$_printf_percent$$00000015  0x08000224   Section        6  _printf_lc.o(.ARM.Collect$$_printf_percent$$00000015)
    .ARM.Collect$$_printf_percent$$00000016  0x0800022a   Section        6  _printf_ls.o(.ARM.Collect$$_printf_percent$$00000016)
    .ARM.Collect$$_printf_percent$$00000017  0x08000230   Section        4  _printf_percent_end.o(.ARM.Collect$$_printf_percent$$00000017)
    .ARM.Collect$$libinit$$00000000          0x08000234   Section        2  libinit.o(.ARM.Collect$$libinit$$00000000)
    .ARM.Collect$$libinit$$00000002          0x08000236   Section        0  libinit2.o(.ARM.Collect$$libinit$$00000002)
    .ARM.Collect$$libinit$$00000004          0x08000236   Section        0  libinit2.o(.ARM.Collect$$libinit$$00000004)
    .ARM.Collect$$libinit$$0000000A          0x08000236   Section        0  libinit2.o(.ARM.Collect$$libinit$$0000000A)
    .ARM.Collect$$libinit$$0000000C          0x08000236   Section        0  libinit2.o(.ARM.Collect$$libinit$$0000000C)
    .ARM.Collect$$libinit$$0000000E          0x08000236   Section        0  libinit2.o(.ARM.Collect$$libinit$$0000000E)
    .ARM.Collect$$libinit$$0000000F          0x08000236   Section        6  libinit2.o(.ARM.Collect$$libinit$$0000000F)
    .ARM.Collect$$libinit$$00000011          0x0800023c   Section        0  libinit2.o(.ARM.Collect$$libinit$$00000011)
    .ARM.Collect$$libinit$$00000012          0x0800023c   Section       12  libinit2.o(.ARM.Collect$$libinit$$00000012)
    .ARM.Collect$$libinit$$00000013          0x08000248   Section        0  libinit2.o(.ARM.Collect$$libinit$$00000013)
    .ARM.Collect$$libinit$$00000015          0x08000248   Section        0  libinit2.o(.ARM.Collect$$libinit$$00000015)
    .ARM.Collect$$libinit$$00000016          0x08000248   Section       10  libinit2.o(.ARM.Collect$$libinit$$00000016)
    .ARM.Collect$$libinit$$00000017          0x08000252   Section        0  libinit2.o(.ARM.Collect$$libinit$$00000017)
    .ARM.Collect$$libinit$$00000019          0x08000252   Section        0  libinit2.o(.ARM.Collect$$libinit$$00000019)
    .ARM.Collect$$libinit$$0000001B          0x08000252   Section        0  libinit2.o(.ARM.Collect$$libinit$$0000001B)
    .ARM.Collect$$libinit$$0000001D          0x08000252   Section        0  libinit2.o(.ARM.Collect$$libinit$$0000001D)
    .ARM.Collect$$libinit$$0000001F          0x08000252   Section        0  libinit2.o(.ARM.Collect$$libinit$$0000001F)
    .ARM.Collect$$libinit$$00000021          0x08000252   Section        0  libinit2.o(.ARM.Collect$$libinit$$00000021)
    .ARM.Collect$$libinit$$00000023          0x08000252   Section        0  libinit2.o(.ARM.Collect$$libinit$$00000023)
    .ARM.Collect$$libinit$$00000025          0x08000252   Section        0  libinit2.o(.ARM.Collect$$libinit$$00000025)
    .ARM.Collect$$libinit$$0000002C          0x08000252   Section        0  libinit2.o(.ARM.Collect$$libinit$$0000002C)
    .ARM.Collect$$libinit$$0000002E          0x08000252   Section        0  libinit2.o(.ARM.Collect$$libinit$$0000002E)
    .ARM.Collect$$libinit$$00000030          0x08000252   Section        0  libinit2.o(.ARM.Collect$$libinit$$00000030)
    .ARM.Collect$$libinit$$00000032          0x08000252   Section        0  libinit2.o(.ARM.Collect$$libinit$$00000032)
    .ARM.Collect$$libinit$$00000033          0x08000252   Section        2  libinit2.o(.ARM.Collect$$libinit$$00000033)
    .ARM.Collect$$libshutdown$$00000000      0x08000254   Section        2  libshutdown.o(.ARM.Collect$$libshutdown$$00000000)
    .ARM.Collect$$libshutdown$$00000002      0x08000256   Section        0  libshutdown2.o(.ARM.Collect$$libshutdown$$00000002)
    .ARM.Collect$$libshutdown$$00000004      0x08000256   Section        0  libshutdown2.o(.ARM.Collect$$libshutdown$$00000004)
    .ARM.Collect$$libshutdown$$00000006      0x08000256   Section        0  libshutdown2.o(.ARM.Collect$$libshutdown$$00000006)
    .ARM.Collect$$libshutdown$$00000009      0x08000256   Section        0  libshutdown2.o(.ARM.Collect$$libshutdown$$00000009)
    .ARM.Collect$$libshutdown$$0000000C      0x08000256   Section        0  libshutdown2.o(.ARM.Collect$$libshutdown$$0000000C)
    .ARM.Collect$$libshutdown$$0000000E      0x08000256   Section        0  libshutdown2.o(.ARM.Collect$$libshutdown$$0000000E)
    .ARM.Collect$$libshutdown$$00000011      0x08000256   Section        0  libshutdown2.o(.ARM.Collect$$libshutdown$$00000011)
    .ARM.Collect$$libshutdown$$00000012      0x08000256   Section        2  libshutdown2.o(.ARM.Collect$$libshutdown$$00000012)
    .ARM.Collect$$rtentry$$00000000          0x08000258   Section        0  __rtentry.o(.ARM.Collect$$rtentry$$00000000)
    .ARM.Collect$$rtentry$$00000002          0x08000258   Section        0  __rtentry2.o(.ARM.Collect$$rtentry$$00000002)
    .ARM.Collect$$rtentry$$00000004          0x08000258   Section        6  __rtentry4.o(.ARM.Collect$$rtentry$$00000004)
    .ARM.Collect$$rtentry$$00000009          0x0800025e   Section        0  __rtentry2.o(.ARM.Collect$$rtentry$$00000009)
    .ARM.Collect$$rtentry$$0000000A          0x0800025e   Section        4  __rtentry2.o(.ARM.Collect$$rtentry$$0000000A)
    .ARM.Collect$$rtentry$$0000000C          0x08000262   Section        0  __rtentry2.o(.ARM.Collect$$rtentry$$0000000C)
    .ARM.Collect$$rtentry$$0000000D          0x08000262   Section        8  __rtentry2.o(.ARM.Collect$$rtentry$$0000000D)
    .ARM.Collect$$rtexit$$00000000           0x0800026a   Section        2  rtexit.o(.ARM.Collect$$rtexit$$00000000)
    .ARM.Collect$$rtexit$$00000002           0x0800026c   Section        0  rtexit2.o(.ARM.Collect$$rtexit$$00000002)
    .ARM.Collect$$rtexit$$00000003           0x0800026c   Section        4  rtexit2.o(.ARM.Collect$$rtexit$$00000003)
    .ARM.Collect$$rtexit$$00000004           0x08000270   Section        6  rtexit2.o(.ARM.Collect$$rtexit$$00000004)
    .emb_text                                0x08000278   Section       12  sys.o(.emb_text)
    .text                                    0x08000284   Section       56  startup_stm32f10x_hd.o(.text)
    .text                                    0x080002bc   Section        0  main.o(.text)
    .text                                    0x08000368   Section        0  delay.o(.text)
    .text                                    0x08000418   Section        0  sys.o(.text)
    .text                                    0x080006d4   Section        0  usart.o(.text)
    .text                                    0x08000858   Section        0  usart2.o(.text)
    .text                                    0x08000ab0   Section        0  changemode.o(.text)
    .text                                    0x08000b9c   Section        0  pwm.o(.text)
    .text                                    0x08000dc0   Section        0  check.o(.text)
    .text                                    0x08000f60   Section        0  infrared.o(.text)
    .text                                    0x0800106c   Section        0  key.o(.text)
    .text                                    0x08001108   Section        0  led.o(.text)
    .text                                    0x080012b8   Section        0  nixietube.o(.text)
    .text                                    0x08001538   Section        0  ultrasonic.o(.text)
    .text                                    0x080017c4   Section        0  buzzer.o(.text)
    .text                                    0x08001830   Section        0  copycat.o(.text)
    .text                                    0x08001960   Section        0  remote.o(.text)
    .text                                    0x08001d00   Section        0  bluetooth.o(.text)
    .text                                    0x08001e30   Section        2  use_no_semi_2.o(.text)
    .text                                    0x08001e34   Section        0  c89vsprintf.o(.text)
    .text                                    0x08001e58   Section        0  __2printf.o(.text)
    .text                                    0x08001e70   Section        0  strlen.o(.text)
    .text                                    0x08001eae   Section        0  heapauxi.o(.text)
    .text                                    0x08001eb4   Section        2  use_no_semi.o(.text)
    .text                                    0x08001eb6   Section        0  _printf_pad.o(.text)
    .text                                    0x08001f04   Section        0  _printf_truncate.o(.text)
    .text                                    0x08001f28   Section        0  _printf_str.o(.text)
    .text                                    0x08001f7c   Section        0  _printf_dec.o(.text)
    .text                                    0x08001ff4   Section        0  _printf_charcount.o(.text)
    .text                                    0x0800201c   Section        0  _printf_char_common.o(.text)
    _printf_input_char                       0x0800201d   Thumb Code    10  _printf_char_common.o(.text)
    .text                                    0x0800204c   Section        0  _sputc.o(.text)
    .text                                    0x08002058   Section        0  _printf_char_file.o(.text)
    .text                                    0x0800207c   Section        0  _printf_wctomb.o(.text)
    .text                                    0x08002138   Section        0  _printf_longlong_dec.o(.text)
    .text                                    0x080021b4   Section        0  _printf_oct_int_ll.o(.text)
    _printf_longlong_oct_internal            0x080021b5   Thumb Code     0  _printf_oct_int_ll.o(.text)
    .text                                    0x08002224   Section        0  _printf_hex_int_ll_ptr.o(.text)
    _printf_hex_common                       0x08002225   Thumb Code     0  _printf_hex_int_ll_ptr.o(.text)
    .text                                    0x080022b8   Section        0  __printf_flags_ss_wp.o(.text)
    .text                                    0x08002440   Section      138  lludiv10.o(.text)
    .text                                    0x080024ca   Section        0  _printf_intcommon.o(.text)
    .text                                    0x0800257c   Section        0  _printf_fp_dec.o(.text)
    _fp_digits                               0x0800257f   Thumb Code   432  _printf_fp_dec.o(.text)
    .text                                    0x0800299a   Section        0  _printf_char.o(.text)
    .text                                    0x080029c6   Section        0  _printf_wchar.o(.text)
    .text                                    0x080029f2   Section        0  ferror.o(.text)
    .text                                    0x080029fa   Section        0  _wcrtomb.o(.text)
    .text                                    0x08002a3a   Section       74  sys_stackheap_outer.o(.text)
    .text                                    0x08002a84   Section       16  rt_ctype_table.o(.text)
    .text                                    0x08002a94   Section        8  rt_locale_intlibspace.o(.text)
    .text                                    0x08002a9c   Section        0  _printf_fp_infnan.o(.text)
    .text                                    0x08002b1c   Section        0  bigflt0.o(.text)
    .text                                    0x08002c00   Section        0  exit.o(.text)
    .text                                    0x08002c14   Section        8  libspace.o(.text)
    .text                                    0x08002c1c   Section      128  strcmpv7m.o(.text)
    CL$$btod_d2e                             0x08002c9c   Section       62  btod.o(CL$$btod_d2e)
    CL$$btod_d2e_denorm_low                  0x08002cda   Section       70  btod.o(CL$$btod_d2e_denorm_low)
    CL$$btod_d2e_norm_op1                    0x08002d20   Section       96  btod.o(CL$$btod_d2e_norm_op1)
    CL$$btod_div_common                      0x08002d80   Section      824  btod.o(CL$$btod_div_common)
    CL$$btod_e2e                             0x080030b8   Section      220  btod.o(CL$$btod_e2e)
    CL$$btod_ediv                            0x08003194   Section       42  btod.o(CL$$btod_ediv)
    CL$$btod_emul                            0x080031be   Section       42  btod.o(CL$$btod_emul)
    CL$$btod_mult_common                     0x080031e8   Section      580  btod.o(CL$$btod_mult_common)
    i.__ARM_fpclassify                       0x0800342c   Section        0  fpclassify.o(i.__ARM_fpclassify)
    i._is_digit                              0x08003454   Section        0  __printf_wp.o(i._is_digit)
    locale$$code                             0x08003464   Section       44  lc_numeric_c.o(locale$$code)
    locale$$code                             0x08003490   Section       44  lc_ctype_c.o(locale$$code)
    x$fpl$dadd                               0x080034bc   Section      336  daddsub_clz.o(x$fpl$dadd)
    _dadd1                                   0x080034cd   Thumb Code     0  daddsub_clz.o(x$fpl$dadd)
    x$fpl$ddiv                               0x0800360c   Section      688  ddiv.o(x$fpl$ddiv)
    ddiv_entry                               0x08003613   Thumb Code     0  ddiv.o(x$fpl$ddiv)
    x$fpl$dfix                               0x080038bc   Section       94  dfix.o(x$fpl$dfix)
    x$fpl$dfixu                              0x0800391c   Section       90  dfixu.o(x$fpl$dfixu)
    x$fpl$dflt                               0x08003976   Section       46  dflt_clz.o(x$fpl$dflt)
    x$fpl$dmul                               0x080039a4   Section      340  dmul.o(x$fpl$dmul)
    x$fpl$dnaninf                            0x08003af8   Section      156  dnaninf.o(x$fpl$dnaninf)
    x$fpl$dretinf                            0x08003b94   Section       12  dretinf.o(x$fpl$dretinf)
    x$fpl$dsub                               0x08003ba0   Section      468  daddsub_clz.o(x$fpl$dsub)
    _dsub1                                   0x08003bb1   Thumb Code     0  daddsub_clz.o(x$fpl$dsub)
    x$fpl$fadd                               0x08003d74   Section      196  faddsub_clz.o(x$fpl$fadd)
    _fadd1                                   0x08003d83   Thumb Code     0  faddsub_clz.o(x$fpl$fadd)
    x$fpl$fdiv                               0x08003e38   Section      388  fdiv.o(x$fpl$fdiv)
    _fdiv1                                   0x08003e39   Thumb Code     0  fdiv.o(x$fpl$fdiv)
    x$fpl$ffixu                              0x08003fbc   Section       62  ffixu.o(x$fpl$ffixu)
    x$fpl$ffltu                              0x08003ffc   Section       38  fflt_clz.o(x$fpl$ffltu)
    x$fpl$fmul                               0x08004024   Section      258  fmul.o(x$fpl$fmul)
    x$fpl$fnaninf                            0x08004126   Section      140  fnaninf.o(x$fpl$fnaninf)
    x$fpl$fretinf                            0x080041b2   Section       10  fretinf.o(x$fpl$fretinf)
    x$fpl$frsb                               0x080041bc   Section       20  faddsub_clz.o(x$fpl$frsb)
    x$fpl$fsub                               0x080041d0   Section      234  faddsub_clz.o(x$fpl$fsub)
    _fsub1                                   0x080041df   Thumb Code     0  faddsub_clz.o(x$fpl$fsub)
    x$fpl$printf1                            0x080042ba   Section        4  printf1.o(x$fpl$printf1)
    x$fpl$usenofp                            0x080042be   Section        0  usenofp.o(x$fpl$usenofp)
    .constdata                               0x080042c0   Section        8  _printf_wctomb.o(.constdata)
    initial_mbstate                          0x080042c0   Data           8  _printf_wctomb.o(.constdata)
    .constdata                               0x080042c8   Section       40  _printf_hex_int_ll_ptr.o(.constdata)
    uc_hextab                                0x080042c8   Data          20  _printf_hex_int_ll_ptr.o(.constdata)
    lc_hextab                                0x080042dc   Data          20  _printf_hex_int_ll_ptr.o(.constdata)
    .constdata                               0x080042f0   Section       17  __printf_flags_ss_wp.o(.constdata)
    maptable                                 0x080042f0   Data          17  __printf_flags_ss_wp.o(.constdata)
    .constdata                               0x08004304   Section      148  bigflt0.o(.constdata)
    tenpwrs_x                                0x08004304   Data          60  bigflt0.o(.constdata)
    tenpwrs_i                                0x08004340   Data          64  bigflt0.o(.constdata)
    locale$$data                             0x080043b8   Section       28  lc_numeric_c.o(locale$$data)
    __lcnum_c_name                           0x080043bc   Data           2  lc_numeric_c.o(locale$$data)
    __lcnum_c_start                          0x080043c4   Data           0  lc_numeric_c.o(locale$$data)
    __lcnum_c_point                          0x080043d0   Data           0  lc_numeric_c.o(locale$$data)
    __lcnum_c_thousands                      0x080043d2   Data           0  lc_numeric_c.o(locale$$data)
    __lcnum_c_grouping                       0x080043d3   Data           0  lc_numeric_c.o(locale$$data)
    locale$$data                             0x080043d4   Section      272  lc_ctype_c.o(locale$$data)
    __lcnum_c_end                            0x080043d4   Data           0  lc_numeric_c.o(locale$$data)
    __lcctype_c_name                         0x080043d8   Data           2  lc_ctype_c.o(locale$$data)
    __lcctype_c_start                        0x080043e0   Data           0  lc_ctype_c.o(locale$$data)
    __lcctype_c_end                          0x080044e4   Data           0  lc_ctype_c.o(locale$$data)
    .data                                    0x20000000   Section        2  main.o(.data)
    .data                                    0x20000002   Section        4  delay.o(.data)
    fac_us                                   0x20000002   Data           1  delay.o(.data)
    fac_ms                                   0x20000004   Data           2  delay.o(.data)
    .data                                    0x20000008   Section        6  usart.o(.data)
    .data                                    0x2000000e   Section        2  usart2.o(.data)
    .data                                    0x20000010   Section        1  changemode.o(.data)
    key_up                                   0x20000010   Data           1  changemode.o(.data)
    .data                                    0x20000012   Section        6  ultrasonic.o(.data)
    cap                                      0x20000012   Data           6  ultrasonic.o(.data)
    .data                                    0x20000018   Section        8  remote.o(.data)
    RmtSta                                   0x20000018   Data           1  remote.o(.data)
    Dval                                     0x2000001a   Data           2  remote.o(.data)
    RmtRec                                   0x2000001c   Data           4  remote.o(.data)
    .bss                                     0x20000020   Section      200  usart.o(.bss)
    .bss                                     0x200000e8   Section      400  usart2.o(.bss)
    .bss                                     0x20000278   Section       12  copycat.o(.bss)
    pid                                      0x20000278   Data          12  copycat.o(.bss)
    .bss                                     0x20000284   Section       96  libspace.o(.bss)
    HEAP                                     0x200002e8   Section      512  startup_stm32f10x_hd.o(HEAP)
    Heap_Mem                                 0x200002e8   Data         512  startup_stm32f10x_hd.o(HEAP)
    STACK                                    0x200004e8   Section     1024  startup_stm32f10x_hd.o(STACK)
    Stack_Mem                                0x200004e8   Data        1024  startup_stm32f10x_hd.o(STACK)
    __initial_sp                             0x200008e8   Data           0  startup_stm32f10x_hd.o(STACK)

    Global Symbols

    Symbol Name                              Value     Ov Type        Size  Object(Section)

    BuildAttributes$$THM_ISAv4$P$D$K$B$S$PE$A:L22UL41UL21$X:L11$S22US41US21$IEEE1$IW$USESV6$~STKCKD$USESV7$~SHL$OTIME$ROPI$IEEEJ$EBA8$UX$STANDARDLIB$REQ8$PRES8$EABIv2 0x00000000   Number         0  anon$$obj.o ABSOLUTE
    __ARM_use_no_argv                        0x00000000   Number         0  main.o ABSOLUTE
    _printf_flags                            0x00000000   Number         0  printf_stubs.o ABSOLUTE
    _printf_return_value                     0x00000000   Number         0  printf_stubs.o ABSOLUTE
    _printf_sizespec                         0x00000000   Number         0  printf_stubs.o ABSOLUTE
    _printf_widthprec                        0x00000000   Number         0  printf_stubs.o ABSOLUTE
    __ARM_exceptions_init                     - Undefined Weak Reference
    __alloca_initialize                       - Undefined Weak Reference
    __arm_fini_                               - Undefined Weak Reference
    __arm_preinit_                            - Undefined Weak Reference
    __cpp_initialize__aeabi_                  - Undefined Weak Reference
    __cxa_finalize                            - Undefined Weak Reference
    __sigvec_lookup                           - Undefined Weak Reference
    _atexit_init                              - Undefined Weak Reference
    _call_atexit_fns                          - Undefined Weak Reference
    _clock_init                               - Undefined Weak Reference
    _fp_trap_init                             - Undefined Weak Reference
    _fp_trap_shutdown                         - Undefined Weak Reference
    _get_lc_collate                           - Undefined Weak Reference
    _get_lc_monetary                          - Undefined Weak Reference
    _get_lc_time                              - Undefined Weak Reference
    _getenv_init                              - Undefined Weak Reference
    _handle_redirection                       - Undefined Weak Reference
    _init_alloc                               - Undefined Weak Reference
    _init_user_alloc                          - Undefined Weak Reference
    _initio                                   - Undefined Weak Reference
    _mutex_acquire                            - Undefined Weak Reference
    _mutex_release                            - Undefined Weak Reference
    _printf_fp_hex                            - Undefined Weak Reference
    _printf_mbtowc                            - Undefined Weak Reference
    _printf_wc                                - Undefined Weak Reference
    _rand_init                                - Undefined Weak Reference
    _signal_finish                            - Undefined Weak Reference
    _signal_init                              - Undefined Weak Reference
    _terminate_alloc                          - Undefined Weak Reference
    _terminate_user_alloc                     - Undefined Weak Reference
    _terminateio                              - Undefined Weak Reference
    __Vectors_Size                           0x00000130   Number         0  startup_stm32f10x_hd.o ABSOLUTE
    __Vectors                                0x08000000   Data           4  startup_stm32f10x_hd.o(RESET)
    __Vectors_End                            0x08000130   Data           0  startup_stm32f10x_hd.o(RESET)
    __main                                   0x08000131   Thumb Code     8  __main.o(!!!main)
    __scatterload                            0x08000139   Thumb Code     0  __scatter.o(!!!scatter)
    __scatterload_rt2                        0x08000139   Thumb Code    44  __scatter.o(!!!scatter)
    __scatterload_rt2_thumb_only             0x08000139   Thumb Code     0  __scatter.o(!!!scatter)
    __scatterload_null                       0x08000147   Thumb Code     0  __scatter.o(!!!scatter)
    __scatterload_copy                       0x0800016d   Thumb Code    26  __scatter_copy.o(!!handler_copy)
    __scatterload_zeroinit                   0x08000189   Thumb Code    28  __scatter_zi.o(!!handler_zi)
    _printf_n                                0x080001a5   Thumb Code     0  _printf_n.o(.ARM.Collect$$_printf_percent$$00000001)
    _printf_percent                          0x080001a5   Thumb Code     0  _printf_percent.o(.ARM.Collect$$_printf_percent$$00000000)
    _printf_p                                0x080001ab   Thumb Code     0  _printf_p.o(.ARM.Collect$$_printf_percent$$00000002)
    _printf_f                                0x080001b1   Thumb Code     0  _printf_f.o(.ARM.Collect$$_printf_percent$$00000003)
    _printf_e                                0x080001b7   Thumb Code     0  _printf_e.o(.ARM.Collect$$_printf_percent$$00000004)
    _printf_g                                0x080001bd   Thumb Code     0  _printf_g.o(.ARM.Collect$$_printf_percent$$00000005)
    _printf_a                                0x080001c3   Thumb Code     0  _printf_a.o(.ARM.Collect$$_printf_percent$$00000006)
    _printf_ll                               0x080001c9   Thumb Code     0  _printf_ll.o(.ARM.Collect$$_printf_percent$$00000007)
    _printf_i                                0x080001d3   Thumb Code     0  _printf_i.o(.ARM.Collect$$_printf_percent$$00000008)
    _printf_d                                0x080001d9   Thumb Code     0  _printf_d.o(.ARM.Collect$$_printf_percent$$00000009)
    _printf_u                                0x080001df   Thumb Code     0  _printf_u.o(.ARM.Collect$$_printf_percent$$0000000A)
    _printf_o                                0x080001e5   Thumb Code     0  _printf_o.o(.ARM.Collect$$_printf_percent$$0000000B)
    _printf_x                                0x080001eb   Thumb Code     0  _printf_x.o(.ARM.Collect$$_printf_percent$$0000000C)
    _printf_lli                              0x080001f1   Thumb Code     0  _printf_lli.o(.ARM.Collect$$_printf_percent$$0000000D)
    _printf_lld                              0x080001f7   Thumb Code     0  _printf_lld.o(.ARM.Collect$$_printf_percent$$0000000E)
    _printf_llu                              0x080001fd   Thumb Code     0  _printf_llu.o(.ARM.Collect$$_printf_percent$$0000000F)
    _printf_llo                              0x08000203   Thumb Code     0  _printf_llo.o(.ARM.Collect$$_printf_percent$$00000010)
    _printf_llx                              0x08000209   Thumb Code     0  _printf_llx.o(.ARM.Collect$$_printf_percent$$00000011)
    _printf_l                                0x0800020f   Thumb Code     0  _printf_l.o(.ARM.Collect$$_printf_percent$$00000012)
    _printf_c                                0x08000219   Thumb Code     0  _printf_c.o(.ARM.Collect$$_printf_percent$$00000013)
    _printf_s                                0x0800021f   Thumb Code     0  _printf_s.o(.ARM.Collect$$_printf_percent$$00000014)
    _printf_lc                               0x08000225   Thumb Code     0  _printf_lc.o(.ARM.Collect$$_printf_percent$$00000015)
    _printf_ls                               0x0800022b   Thumb Code     0  _printf_ls.o(.ARM.Collect$$_printf_percent$$00000016)
    _printf_percent_end                      0x08000231   Thumb Code     0  _printf_percent_end.o(.ARM.Collect$$_printf_percent$$00000017)
    __rt_lib_init                            0x08000235   Thumb Code     0  libinit.o(.ARM.Collect$$libinit$$00000000)
    __rt_lib_init_fp_1                       0x08000237   Thumb Code     0  libinit2.o(.ARM.Collect$$libinit$$00000002)
    __rt_lib_init_heap_1                     0x08000237   Thumb Code     0  libinit2.o(.ARM.Collect$$libinit$$0000000A)
    __rt_lib_init_lc_common                  0x08000237   Thumb Code     0  libinit2.o(.ARM.Collect$$libinit$$0000000F)
    __rt_lib_init_preinit_1                  0x08000237   Thumb Code     0  libinit2.o(.ARM.Collect$$libinit$$00000004)
    __rt_lib_init_rand_1                     0x08000237   Thumb Code     0  libinit2.o(.ARM.Collect$$libinit$$0000000E)
    __rt_lib_init_user_alloc_1               0x08000237   Thumb Code     0  libinit2.o(.ARM.Collect$$libinit$$0000000C)
    __rt_lib_init_lc_collate_1               0x0800023d   Thumb Code     0  libinit2.o(.ARM.Collect$$libinit$$00000011)
    __rt_lib_init_lc_ctype_2                 0x0800023d   Thumb Code     0  libinit2.o(.ARM.Collect$$libinit$$00000012)
    __rt_lib_init_lc_ctype_1                 0x08000249   Thumb Code     0  libinit2.o(.ARM.Collect$$libinit$$00000013)
    __rt_lib_init_lc_monetary_1              0x08000249   Thumb Code     0  libinit2.o(.ARM.Collect$$libinit$$00000015)
    __rt_lib_init_lc_numeric_2               0x08000249   Thumb Code     0  libinit2.o(.ARM.Collect$$libinit$$00000016)
    __rt_lib_init_alloca_1                   0x08000253   Thumb Code     0  libinit2.o(.ARM.Collect$$libinit$$0000002E)
    __rt_lib_init_argv_1                     0x08000253   Thumb Code     0  libinit2.o(.ARM.Collect$$libinit$$0000002C)
    __rt_lib_init_atexit_1                   0x08000253   Thumb Code     0  libinit2.o(.ARM.Collect$$libinit$$0000001B)
    __rt_lib_init_clock_1                    0x08000253   Thumb Code     0  libinit2.o(.ARM.Collect$$libinit$$00000021)
    __rt_lib_init_cpp_1                      0x08000253   Thumb Code     0  libinit2.o(.ARM.Collect$$libinit$$00000032)
    __rt_lib_init_exceptions_1               0x08000253   Thumb Code     0  libinit2.o(.ARM.Collect$$libinit$$00000030)
    __rt_lib_init_fp_trap_1                  0x08000253   Thumb Code     0  libinit2.o(.ARM.Collect$$libinit$$0000001F)
    __rt_lib_init_getenv_1                   0x08000253   Thumb Code     0  libinit2.o(.ARM.Collect$$libinit$$00000023)
    __rt_lib_init_lc_numeric_1               0x08000253   Thumb Code     0  libinit2.o(.ARM.Collect$$libinit$$00000017)
    __rt_lib_init_lc_time_1                  0x08000253   Thumb Code     0  libinit2.o(.ARM.Collect$$libinit$$00000019)
    __rt_lib_init_return                     0x08000253   Thumb Code     0  libinit2.o(.ARM.Collect$$libinit$$00000033)
    __rt_lib_init_signal_1                   0x08000253   Thumb Code     0  libinit2.o(.ARM.Collect$$libinit$$0000001D)
    __rt_lib_init_stdio_1                    0x08000253   Thumb Code     0  libinit2.o(.ARM.Collect$$libinit$$00000025)
    __rt_lib_shutdown                        0x08000255   Thumb Code     0  libshutdown.o(.ARM.Collect$$libshutdown$$00000000)
    __rt_lib_shutdown_cpp_1                  0x08000257   Thumb Code     0  libshutdown2.o(.ARM.Collect$$libshutdown$$00000004)
    __rt_lib_shutdown_fini_1                 0x08000257   Thumb Code     0  libshutdown2.o(.ARM.Collect$$libshutdown$$00000002)
    __rt_lib_shutdown_fp_trap_1              0x08000257   Thumb Code     0  libshutdown2.o(.ARM.Collect$$libshutdown$$00000009)
    __rt_lib_shutdown_heap_1                 0x08000257   Thumb Code     0  libshutdown2.o(.ARM.Collect$$libshutdown$$00000011)
    __rt_lib_shutdown_return                 0x08000257   Thumb Code     0  libshutdown2.o(.ARM.Collect$$libshutdown$$00000012)
    __rt_lib_shutdown_signal_1               0x08000257   Thumb Code     0  libshutdown2.o(.ARM.Collect$$libshutdown$$0000000C)
    __rt_lib_shutdown_stdio_1                0x08000257   Thumb Code     0  libshutdown2.o(.ARM.Collect$$libshutdown$$00000006)
    __rt_lib_shutdown_user_alloc_1           0x08000257   Thumb Code     0  libshutdown2.o(.ARM.Collect$$libshutdown$$0000000E)
    __rt_entry                               0x08000259   Thumb Code     0  __rtentry.o(.ARM.Collect$$rtentry$$00000000)
    __rt_entry_presh_1                       0x08000259   Thumb Code     0  __rtentry2.o(.ARM.Collect$$rtentry$$00000002)
    __rt_entry_sh                            0x08000259   Thumb Code     0  __rtentry4.o(.ARM.Collect$$rtentry$$00000004)
    __rt_entry_li                            0x0800025f   Thumb Code     0  __rtentry2.o(.ARM.Collect$$rtentry$$0000000A)
    __rt_entry_postsh_1                      0x0800025f   Thumb Code     0  __rtentry2.o(.ARM.Collect$$rtentry$$00000009)
    __rt_entry_main                          0x08000263   Thumb Code     0  __rtentry2.o(.ARM.Collect$$rtentry$$0000000D)
    __rt_entry_postli_1                      0x08000263   Thumb Code     0  __rtentry2.o(.ARM.Collect$$rtentry$$0000000C)
    __rt_exit                                0x0800026b   Thumb Code     0  rtexit.o(.ARM.Collect$$rtexit$$00000000)
    __rt_exit_ls                             0x0800026d   Thumb Code     0  rtexit2.o(.ARM.Collect$$rtexit$$00000003)
    __rt_exit_prels_1                        0x0800026d   Thumb Code     0  rtexit2.o(.ARM.Collect$$rtexit$$00000002)
    __rt_exit_exit                           0x08000271   Thumb Code     0  rtexit2.o(.ARM.Collect$$rtexit$$00000004)
    WFI_SET                                  0x08000279   Thumb Code     2  sys.o(.emb_text)
    INTX_DISABLE                             0x0800027b   Thumb Code     2  sys.o(.emb_text)
    INTX_ENABLE                              0x0800027d   Thumb Code     2  sys.o(.emb_text)
    MSR_MSP                                  0x0800027f   Thumb Code     6  sys.o(.emb_text)
    Reset_Handler                            0x08000285   Thumb Code     4  startup_stm32f10x_hd.o(.text)
    NMI_Handler                              0x08000289   Thumb Code     2  startup_stm32f10x_hd.o(.text)
    HardFault_Handler                        0x0800028b   Thumb Code     2  startup_stm32f10x_hd.o(.text)
    MemManage_Handler                        0x0800028d   Thumb Code     2  startup_stm32f10x_hd.o(.text)
    BusFault_Handler                         0x0800028f   Thumb Code     2  startup_stm32f10x_hd.o(.text)
    UsageFault_Handler                       0x08000291   Thumb Code     2  startup_stm32f10x_hd.o(.text)
    SVC_Handler                              0x08000293   Thumb Code     2  startup_stm32f10x_hd.o(.text)
    DebugMon_Handler                         0x08000295   Thumb Code     2  startup_stm32f10x_hd.o(.text)
    PendSV_Handler                           0x08000297   Thumb Code     2  startup_stm32f10x_hd.o(.text)
    SysTick_Handler                          0x08000299   Thumb Code     2  startup_stm32f10x_hd.o(.text)
    ADC1_2_IRQHandler                        0x0800029b   Thumb Code     0  startup_stm32f10x_hd.o(.text)
    ADC3_IRQHandler                          0x0800029b   Thumb Code     0  startup_stm32f10x_hd.o(.text)
    CAN1_RX1_IRQHandler                      0x0800029b   Thumb Code     0  startup_stm32f10x_hd.o(.text)
    CAN1_SCE_IRQHandler                      0x0800029b   Thumb Code     0  startup_stm32f10x_hd.o(.text)
    DMA1_Channel1_IRQHandler                 0x0800029b   Thumb Code     0  startup_stm32f10x_hd.o(.text)
    DMA1_Channel2_IRQHandler                 0x0800029b   Thumb Code     0  startup_stm32f10x_hd.o(.text)
    DMA1_Channel3_IRQHandler                 0x0800029b   Thumb Code     0  startup_stm32f10x_hd.o(.text)
    DMA1_Channel4_IRQHandler                 0x0800029b   Thumb Code     0  startup_stm32f10x_hd.o(.text)
    DMA1_Channel5_IRQHandler                 0x0800029b   Thumb Code     0  startup_stm32f10x_hd.o(.text)
    DMA1_Channel6_IRQHandler                 0x0800029b   Thumb Code     0  startup_stm32f10x_hd.o(.text)
    DMA1_Channel7_IRQHandler                 0x0800029b   Thumb Code     0  startup_stm32f10x_hd.o(.text)
    DMA2_Channel1_IRQHandler                 0x0800029b   Thumb Code     0  startup_stm32f10x_hd.o(.text)
    DMA2_Channel2_IRQHandler                 0x0800029b   Thumb Code     0  startup_stm32f10x_hd.o(.text)
    DMA2_Channel3_IRQHandler                 0x0800029b   Thumb Code     0  startup_stm32f10x_hd.o(.text)
    DMA2_Channel4_5_IRQHandler               0x0800029b   Thumb Code     0  startup_stm32f10x_hd.o(.text)
    EXTI15_10_IRQHandler                     0x0800029b   Thumb Code     0  startup_stm32f10x_hd.o(.text)
    EXTI1_IRQHandler                         0x0800029b   Thumb Code     0  startup_stm32f10x_hd.o(.text)
    EXTI2_IRQHandler                         0x0800029b   Thumb Code     0  startup_stm32f10x_hd.o(.text)
    EXTI3_IRQHandler                         0x0800029b   Thumb Code     0  startup_stm32f10x_hd.o(.text)
    EXTI4_IRQHandler                         0x0800029b   Thumb Code     0  startup_stm32f10x_hd.o(.text)
    EXTI9_5_IRQHandler                       0x0800029b   Thumb Code     0  startup_stm32f10x_hd.o(.text)
    FLASH_IRQHandler                         0x0800029b   Thumb Code     0  startup_stm32f10x_hd.o(.text)
    FSMC_IRQHandler                          0x0800029b   Thumb Code     0  startup_stm32f10x_hd.o(.text)
    I2C1_ER_IRQHandler                       0x0800029b   Thumb Code     0  startup_stm32f10x_hd.o(.text)
    I2C1_EV_IRQHandler                       0x0800029b   Thumb Code     0  startup_stm32f10x_hd.o(.text)
    I2C2_ER_IRQHandler                       0x0800029b   Thumb Code     0  startup_stm32f10x_hd.o(.text)
    I2C2_EV_IRQHandler                       0x0800029b   Thumb Code     0  startup_stm32f10x_hd.o(.text)
    PVD_IRQHandler                           0x0800029b   Thumb Code     0  startup_stm32f10x_hd.o(.text)
    RCC_IRQHandler                           0x0800029b   Thumb Code     0  startup_stm32f10x_hd.o(.text)
    RTCAlarm_IRQHandler                      0x0800029b   Thumb Code     0  startup_stm32f10x_hd.o(.text)
    RTC_IRQHandler                           0x0800029b   Thumb Code     0  startup_stm32f10x_hd.o(.text)
    SDIO_IRQHandler                          0x0800029b   Thumb Code     0  startup_stm32f10x_hd.o(.text)
    SPI1_IRQHandler                          0x0800029b   Thumb Code     0  startup_stm32f10x_hd.o(.text)
    SPI2_IRQHandler                          0x0800029b   Thumb Code     0  startup_stm32f10x_hd.o(.text)
    SPI3_IRQHandler                          0x0800029b   Thumb Code     0  startup_stm32f10x_hd.o(.text)
    TAMPER_IRQHandler                        0x0800029b   Thumb Code     0  startup_stm32f10x_hd.o(.text)
    TIM1_BRK_IRQHandler                      0x0800029b   Thumb Code     0  startup_stm32f10x_hd.o(.text)
    TIM1_TRG_COM_IRQHandler                  0x0800029b   Thumb Code     0  startup_stm32f10x_hd.o(.text)
    TIM1_UP_IRQHandler                       0x0800029b   Thumb Code     0  startup_stm32f10x_hd.o(.text)
    TIM4_IRQHandler                          0x0800029b   Thumb Code     0  startup_stm32f10x_hd.o(.text)
    TIM6_IRQHandler                          0x0800029b   Thumb Code     0  startup_stm32f10x_hd.o(.text)
    TIM7_IRQHandler                          0x0800029b   Thumb Code     0  startup_stm32f10x_hd.o(.text)
    TIM8_BRK_IRQHandler                      0x0800029b   Thumb Code     0  startup_stm32f10x_hd.o(.text)
    TIM8_CC_IRQHandler                       0x0800029b   Thumb Code     0  startup_stm32f10x_hd.o(.text)
    TIM8_TRG_COM_IRQHandler                  0x0800029b   Thumb Code     0  startup_stm32f10x_hd.o(.text)
    TIM8_UP_IRQHandler                       0x0800029b   Thumb Code     0  startup_stm32f10x_hd.o(.text)
    UART4_IRQHandler                         0x0800029b   Thumb Code     0  startup_stm32f10x_hd.o(.text)
    UART5_IRQHandler                         0x0800029b   Thumb Code     0  startup_stm32f10x_hd.o(.text)
    USART3_IRQHandler                        0x0800029b   Thumb Code     0  startup_stm32f10x_hd.o(.text)
    USBWakeUp_IRQHandler                     0x0800029b   Thumb Code     0  startup_stm32f10x_hd.o(.text)
    USB_HP_CAN1_TX_IRQHandler                0x0800029b   Thumb Code     0  startup_stm32f10x_hd.o(.text)
    USB_LP_CAN1_RX0_IRQHandler               0x0800029b   Thumb Code     0  startup_stm32f10x_hd.o(.text)
    WWDG_IRQHandler                          0x0800029b   Thumb Code     0  startup_stm32f10x_hd.o(.text)
    __user_initial_stackheap                 0x0800029d   Thumb Code     0  startup_stm32f10x_hd.o(.text)
    main                                     0x080002bd   Thumb Code   162  main.o(.text)
    delay_init                               0x08000369   Thumb Code    56  delay.o(.text)
    delay_us                                 0x080003a1   Thumb Code    56  delay.o(.text)
    delay_ms                                 0x080003d9   Thumb Code    56  delay.o(.text)
    MY_NVIC_SetVectorTable                   0x08000419   Thumb Code    12  sys.o(.text)
    MY_NVIC_PriorityGroupConfig              0x08000425   Thumb Code    36  sys.o(.text)
    MY_NVIC_Init                             0x08000449   Thumb Code   116  sys.o(.text)
    Ex_NVIC_Config                           0x080004bd   Thumb Code   146  sys.o(.text)
    MYRCC_DeInit                             0x0800054f   Thumb Code    90  sys.o(.text)
    Sys_Standby                              0x080005a9   Thumb Code    68  sys.o(.text)
    Sys_Soft_Reset                           0x080005ed   Thumb Code    12  sys.o(.text)
    JTAG_Set                                 0x080005f9   Thumb Code    42  sys.o(.text)
    Stm32_Clock_Init                         0x08000623   Thumb Code   134  sys.o(.text)
    _sys_exit                                0x080006d5   Thumb Code     6  usart.o(.text)
    fputc                                    0x080006db   Thumb Code    24  usart.o(.text)
    USART1_IRQHandler                        0x080006f3   Thumb Code   118  usart.o(.text)
    uart_init                                0x08000769   Thumb Code   214  usart.o(.text)
    TIM2_Set                                 0x08000859   Thumb Code    40  usart2.o(.text)
    USART2_IRQHandler                        0x08000881   Thumb Code    80  usart2.o(.text)
    TIM2_Init                                0x080008d1   Thumb Code    58  usart2.o(.text)
    UART_DMA_Config                          0x0800090b   Thumb Code    80  usart2.o(.text)
    USART2_Init                              0x0800095b   Thumb Code   182  usart2.o(.text)
    UART_DMA_Enable                          0x08000a11   Thumb Code    20  usart2.o(.text)
    u2_printf                                0x08000a25   Thumb Code    56  usart2.o(.text)
    TIM2_IRQHandler                          0x08000a5d   Thumb Code    50  usart2.o(.text)
    ChangeMode_Init                          0x08000ab1   Thumb Code    26  changemode.o(.text)
    EXTI0_IRQHandler                         0x08000acb   Thumb Code    46  changemode.o(.text)
    KEY1_Scan                                0x08000af9   Thumb Code    56  changemode.o(.text)
    ChangeMode                               0x08000b31   Thumb Code    82  changemode.o(.text)
    PWM_Init                                 0x08000b9d   Thumb Code   154  pwm.o(.text)
    Wheel_Turn_Pwm                           0x08000c37   Thumb Code   178  pwm.o(.text)
    Car_Turn_Speed_pwm                       0x08000ce9   Thumb Code   190  pwm.o(.text)
    Check                                    0x08000dc1   Thumb Code   162  check.o(.text)
    Check1                                   0x08000e63   Thumb Code   250  check.o(.text)
    Infrared_Init                            0x08000f61   Thumb Code    48  infrared.o(.text)
    Infrared                                 0x08000f91   Thumb Code   200  infrared.o(.text)
    KEY_Init                                 0x0800106d   Thumb Code   144  key.o(.text)
    LED_Init                                 0x08001109   Thumb Code    48  led.o(.text)
    TIM3_Int_Init                            0x08001139   Thumb Code    72  led.o(.text)
    TIM3_IRQHandler                          0x08001181   Thumb Code   284  led.o(.text)
    NixieTube_Init                           0x080012b9   Thumb Code   242  nixietube.o(.text)
    Number6                                  0x080013ab   Thumb Code    42  nixietube.o(.text)
    Number5                                  0x080013d5   Thumb Code    46  nixietube.o(.text)
    Number4                                  0x08001403   Thumb Code    44  nixietube.o(.text)
    Number3                                  0x0800142f   Thumb Code    42  nixietube.o(.text)
    Number2                                  0x08001459   Thumb Code    46  nixietube.o(.text)
    Number1                                  0x08001487   Thumb Code    42  nixietube.o(.text)
    Number0                                  0x080014b1   Thumb Code    40  nixietube.o(.text)
    NixieTube                                0x080014d9   Thumb Code    66  nixietube.o(.text)
    NixieTube_Shine                          0x0800151b   Thumb Code     2  nixietube.o(.text)
    Capture_Register_Reset                   0x08001539   Thumb Code    14  ultrasonic.o(.text)
    Capture_Register_Display                 0x08001547   Thumb Code    54  ultrasonic.o(.text)
    Capture_Register_Empyt                   0x0800157d   Thumb Code     6  ultrasonic.o(.text)
    Ultrasonic_Work                          0x08001583   Thumb Code    30  ultrasonic.o(.text)
    Ultrasonic                               0x080015a1   Thumb Code   104  ultrasonic.o(.text)
    Trig_Init                                0x08001609   Thumb Code    42  ultrasonic.o(.text)
    Echo_Init                                0x08001633   Thumb Code    44  ultrasonic.o(.text)
    TIM1_CH4_Init                            0x0800165f   Thumb Code   140  ultrasonic.o(.text)
    Ultrasonic_Init                          0x080016eb   Thumb Code    36  ultrasonic.o(.text)
    TIM1_CC_IRQHandler                       0x0800170f   Thumb Code   144  ultrasonic.o(.text)
    Buzzer                                   0x080017c5   Thumb Code    46  buzzer.o(.text)
    Buzzer_Init                              0x080017f3   Thumb Code    46  buzzer.o(.text)
    Copycat_PID                              0x08001831   Thumb Code   148  copycat.o(.text)
    Copycat_PID_Reset                        0x080018c5   Thumb Code    12  copycat.o(.text)
    Copycat                                  0x080018d1   Thumb Code   122  copycat.o(.text)
    Remote_Init                              0x08001961   Thumb Code   188  remote.o(.text)
    TIM5_IRQHandler                          0x08001a1d   Thumb Code   376  remote.o(.text)
    Remote_Scan                              0x08001b95   Thumb Code    90  remote.o(.text)
    Remote                                   0x08001bef   Thumb Code   240  remote.o(.text)
    Bluetooth_Init                           0x08001d01   Thumb Code    14  bluetooth.o(.text)
    Bluetooth                                0x08001d0f   Thumb Code   264  bluetooth.o(.text)
    __use_no_semihosting                     0x08001e31   Thumb Code     2  use_no_semi_2.o(.text)
    __c89vsprintf                            0x08001e35   Thumb Code    32  c89vsprintf.o(.text)
    __2printf                                0x08001e59   Thumb Code    20  __2printf.o(.text)
    strlen                                   0x08001e71   Thumb Code    62  strlen.o(.text)
    __use_two_region_memory                  0x08001eaf   Thumb Code     2  heapauxi.o(.text)
    __rt_heap_escrow$2region                 0x08001eb1   Thumb Code     2  heapauxi.o(.text)
    __rt_heap_expand$2region                 0x08001eb3   Thumb Code     2  heapauxi.o(.text)
    __I$use$semihosting                      0x08001eb5   Thumb Code     0  use_no_semi.o(.text)
    __use_no_semihosting_swi                 0x08001eb5   Thumb Code     2  use_no_semi.o(.text)
    _printf_pre_padding                      0x08001eb7   Thumb Code    44  _printf_pad.o(.text)
    _printf_post_padding                     0x08001ee3   Thumb Code    34  _printf_pad.o(.text)
    _printf_truncate_signed                  0x08001f05   Thumb Code    18  _printf_truncate.o(.text)
    _printf_truncate_unsigned                0x08001f17   Thumb Code    18  _printf_truncate.o(.text)
    _printf_str                              0x08001f29   Thumb Code    82  _printf_str.o(.text)
    _printf_int_dec                          0x08001f7d   Thumb Code   104  _printf_dec.o(.text)
    _printf_charcount                        0x08001ff5   Thumb Code    40  _printf_charcount.o(.text)
    _printf_char_common                      0x08002027   Thumb Code    32  _printf_char_common.o(.text)
    _sputc                                   0x0800204d   Thumb Code    10  _sputc.o(.text)
    _printf_char_file                        0x08002059   Thumb Code    32  _printf_char_file.o(.text)
    _printf_wctomb                           0x0800207d   Thumb Code   182  _printf_wctomb.o(.text)
    _printf_longlong_dec                     0x08002139   Thumb Code   108  _printf_longlong_dec.o(.text)
    _printf_longlong_oct                     0x080021b5   Thumb Code    66  _printf_oct_int_ll.o(.text)
    _printf_int_oct                          0x080021f7   Thumb Code    24  _printf_oct_int_ll.o(.text)
    _printf_ll_oct                           0x0800220f   Thumb Code    12  _printf_oct_int_ll.o(.text)
    _printf_longlong_hex                     0x08002225   Thumb Code    86  _printf_hex_int_ll_ptr.o(.text)
    _printf_int_hex                          0x0800227b   Thumb Code    28  _printf_hex_int_ll_ptr.o(.text)
    _printf_ll_hex                           0x08002297   Thumb Code    12  _printf_hex_int_ll_ptr.o(.text)
    _printf_hex_ptr                          0x080022a3   Thumb Code    18  _printf_hex_int_ll_ptr.o(.text)
    __printf                                 0x080022b9   Thumb Code   388  __printf_flags_ss_wp.o(.text)
    _ll_udiv10                               0x08002441   Thumb Code   138  lludiv10.o(.text)
    _printf_int_common                       0x080024cb   Thumb Code   178  _printf_intcommon.o(.text)
    __lib_sel_fp_printf                      0x0800257d   Thumb Code     2  _printf_fp_dec.o(.text)
    _printf_fp_dec_real                      0x0800272f   Thumb Code   620  _printf_fp_dec.o(.text)
    _printf_cs_common                        0x0800299b   Thumb Code    20  _printf_char.o(.text)
    _printf_char                             0x080029af   Thumb Code    16  _printf_char.o(.text)
    _printf_string                           0x080029bf   Thumb Code     8  _printf_char.o(.text)
    _printf_lcs_common                       0x080029c7   Thumb Code    20  _printf_wchar.o(.text)
    _printf_wchar                            0x080029db   Thumb Code    16  _printf_wchar.o(.text)
    _printf_wstring                          0x080029eb   Thumb Code     8  _printf_wchar.o(.text)
    ferror                                   0x080029f3   Thumb Code     8  ferror.o(.text)
    _wcrtomb                                 0x080029fb   Thumb Code    64  _wcrtomb.o(.text)
    __user_setup_stackheap                   0x08002a3b   Thumb Code    74  sys_stackheap_outer.o(.text)
    __rt_ctype_table                         0x08002a85   Thumb Code    16  rt_ctype_table.o(.text)
    __rt_locale                              0x08002a95   Thumb Code     8  rt_locale_intlibspace.o(.text)
    _printf_fp_infnan                        0x08002a9d   Thumb Code   112  _printf_fp_infnan.o(.text)
    _btod_etento                             0x08002b1d   Thumb Code   224  bigflt0.o(.text)
    exit                                     0x08002c01   Thumb Code    18  exit.o(.text)
    __user_libspace                          0x08002c15   Thumb Code     8  libspace.o(.text)
    __user_perproc_libspace                  0x08002c15   Thumb Code     0  libspace.o(.text)
    __user_perthread_libspace                0x08002c15   Thumb Code     0  libspace.o(.text)
    strcmp                                   0x08002c1d   Thumb Code   128  strcmpv7m.o(.text)
    _btod_d2e                                0x08002c9d   Thumb Code    62  btod.o(CL$$btod_d2e)
    _d2e_denorm_low                          0x08002cdb   Thumb Code    70  btod.o(CL$$btod_d2e_denorm_low)
    _d2e_norm_op1                            0x08002d21   Thumb Code    96  btod.o(CL$$btod_d2e_norm_op1)
    __btod_div_common                        0x08002d81   Thumb Code   696  btod.o(CL$$btod_div_common)
    _e2e                                     0x080030b9   Thumb Code   220  btod.o(CL$$btod_e2e)
    _btod_ediv                               0x08003195   Thumb Code    42  btod.o(CL$$btod_ediv)
    _btod_emul                               0x080031bf   Thumb Code    42  btod.o(CL$$btod_emul)
    __btod_mult_common                       0x080031e9   Thumb Code   580  btod.o(CL$$btod_mult_common)
    __ARM_fpclassify                         0x0800342d   Thumb Code    40  fpclassify.o(i.__ARM_fpclassify)
    _is_digit                                0x08003455   Thumb Code    14  __printf_wp.o(i._is_digit)
    _get_lc_numeric                          0x08003465   Thumb Code    44  lc_numeric_c.o(locale$$code)
    _get_lc_ctype                            0x08003491   Thumb Code    44  lc_ctype_c.o(locale$$code)
    __aeabi_dadd                             0x080034bd   Thumb Code     0  daddsub_clz.o(x$fpl$dadd)
    _dadd                                    0x080034bd   Thumb Code   332  daddsub_clz.o(x$fpl$dadd)
    __aeabi_ddiv                             0x0800360d   Thumb Code     0  ddiv.o(x$fpl$ddiv)
    _ddiv                                    0x0800360d   Thumb Code   552  ddiv.o(x$fpl$ddiv)
    __aeabi_d2iz                             0x080038bd   Thumb Code     0  dfix.o(x$fpl$dfix)
    _dfix                                    0x080038bd   Thumb Code    94  dfix.o(x$fpl$dfix)
    __aeabi_d2uiz                            0x0800391d   Thumb Code     0  dfixu.o(x$fpl$dfixu)
    _dfixu                                   0x0800391d   Thumb Code    90  dfixu.o(x$fpl$dfixu)
    __aeabi_i2d                              0x08003977   Thumb Code     0  dflt_clz.o(x$fpl$dflt)
    _dflt                                    0x08003977   Thumb Code    46  dflt_clz.o(x$fpl$dflt)
    __aeabi_dmul                             0x080039a5   Thumb Code     0  dmul.o(x$fpl$dmul)
    _dmul                                    0x080039a5   Thumb Code   332  dmul.o(x$fpl$dmul)
    __fpl_dnaninf                            0x08003af9   Thumb Code   156  dnaninf.o(x$fpl$dnaninf)
    __fpl_dretinf                            0x08003b95   Thumb Code    12  dretinf.o(x$fpl$dretinf)
    __aeabi_dsub                             0x08003ba1   Thumb Code     0  daddsub_clz.o(x$fpl$dsub)
    _dsub                                    0x08003ba1   Thumb Code   464  daddsub_clz.o(x$fpl$dsub)
    __aeabi_fadd                             0x08003d75   Thumb Code     0  faddsub_clz.o(x$fpl$fadd)
    _fadd                                    0x08003d75   Thumb Code   196  faddsub_clz.o(x$fpl$fadd)
    __aeabi_fdiv                             0x08003e39   Thumb Code     0  fdiv.o(x$fpl$fdiv)
    _fdiv                                    0x08003e39   Thumb Code   384  fdiv.o(x$fpl$fdiv)
    __aeabi_f2uiz                            0x08003fbd   Thumb Code     0  ffixu.o(x$fpl$ffixu)
    _ffixu                                   0x08003fbd   Thumb Code    62  ffixu.o(x$fpl$ffixu)
    __aeabi_ui2f                             0x08003ffd   Thumb Code     0  fflt_clz.o(x$fpl$ffltu)
    _ffltu                                   0x08003ffd   Thumb Code    38  fflt_clz.o(x$fpl$ffltu)
    __aeabi_fmul                             0x08004025   Thumb Code     0  fmul.o(x$fpl$fmul)
    _fmul                                    0x08004025   Thumb Code   258  fmul.o(x$fpl$fmul)
    __fpl_fnaninf                            0x08004127   Thumb Code   140  fnaninf.o(x$fpl$fnaninf)
    __fpl_fretinf                            0x080041b3   Thumb Code    10  fretinf.o(x$fpl$fretinf)
    __aeabi_frsub                            0x080041bd   Thumb Code     0  faddsub_clz.o(x$fpl$frsb)
    _frsb                                    0x080041bd   Thumb Code    20  faddsub_clz.o(x$fpl$frsb)
    __aeabi_fsub                             0x080041d1   Thumb Code     0  faddsub_clz.o(x$fpl$fsub)
    _fsub                                    0x080041d1   Thumb Code   234  faddsub_clz.o(x$fpl$fsub)
    _printf_fp_dec                           0x080042bb   Thumb Code     4  printf1.o(x$fpl$printf1)
    __I$use$fp                               0x080042be   Number         0  usenofp.o(x$fpl$usenofp)
    Region$$Table$$Base                      0x08004398   Number         0  anon$$obj.o(Region$$Table)
    Region$$Table$$Limit                     0x080043b8   Number         0  anon$$obj.o(Region$$Table)
    __ctype                                  0x080043e1   Data           0  lc_ctype_c.o(locale$$data)
    ex_mode                                  0x20000000   Data           1  main.o(.data)
    mode                                     0x20000001   Data           1  main.o(.data)
    __stdout                                 0x20000008   Data           4  usart.o(.data)
    USART_RX_STA                             0x2000000c   Data           2  usart.o(.data)
    USART2_RX_STA                            0x2000000e   Data           2  usart2.o(.data)
    USART_RX_BUF                             0x20000020   Data         200  usart.o(.bss)
    USART2_TX_BUF                            0x200000e8   Data         200  usart2.o(.bss)
    USART2_RX_BUF                            0x200001b0   Data         200  usart2.o(.bss)
    __libspace_start                         0x20000284   Data          96  libspace.o(.bss)
    __temporary_stack_top$libspace           0x200002e4   Data           0  libspace.o(.bss)



==============================================================================

Memory Map of the image

  Image Entry point : 0x08000131

  Load Region LR_IROM1 (Base: 0x08000000, Size: 0x00004504, Max: 0x00040000, ABSOLUTE)

    Execution Region ER_IROM1 (Exec base: 0x08000000, Load base: 0x08000000, Size: 0x000044e4, Max: 0x00040000, ABSOLUTE)

    Exec Addr    Load Addr    Size         Type   Attr      Idx    E Section Name        Object

    0x08000000   0x08000000   0x00000130   Data   RO            3    RESET               startup_stm32f10x_hd.o
    0x08000130   0x08000130   0x00000008   Code   RO          491  * !!!main             c_w.l(__main.o)
    0x08000138   0x08000138   0x00000034   Code   RO          865    !!!scatter          c_w.l(__scatter.o)
    0x0800016c   0x0800016c   0x0000001a   Code   RO          867    !!handler_copy      c_w.l(__scatter_copy.o)
    0x08000186   0x08000186   0x00000002   PAD
    0x08000188   0x08000188   0x0000001c   Code   RO          869    !!handler_zi        c_w.l(__scatter_zi.o)
    0x080001a4   0x080001a4   0x00000000   Code   RO          627    .ARM.Collect$$_printf_percent$$00000000  c_w.l(_printf_percent.o)
    0x080001a4   0x080001a4   0x00000006   Code   RO          616    .ARM.Collect$$_printf_percent$$00000001  c_w.l(_printf_n.o)
    0x080001aa   0x080001aa   0x00000006   Code   RO          618    .ARM.Collect$$_printf_percent$$00000002  c_w.l(_printf_p.o)
    0x080001b0   0x080001b0   0x00000006   Code   RO          623    .ARM.Collect$$_printf_percent$$00000003  c_w.l(_printf_f.o)
    0x080001b6   0x080001b6   0x00000006   Code   RO          624    .ARM.Collect$$_printf_percent$$00000004  c_w.l(_printf_e.o)
    0x080001bc   0x080001bc   0x00000006   Code   RO          625    .ARM.Collect$$_printf_percent$$00000005  c_w.l(_printf_g.o)
    0x080001c2   0x080001c2   0x00000006   Code   RO          626    .ARM.Collect$$_printf_percent$$00000006  c_w.l(_printf_a.o)
    0x080001c8   0x080001c8   0x0000000a   Code   RO          631    .ARM.Collect$$_printf_percent$$00000007  c_w.l(_printf_ll.o)
    0x080001d2   0x080001d2   0x00000006   Code   RO          620    .ARM.Collect$$_printf_percent$$00000008  c_w.l(_printf_i.o)
    0x080001d8   0x080001d8   0x00000006   Code   RO          621    .ARM.Collect$$_printf_percent$$00000009  c_w.l(_printf_d.o)
    0x080001de   0x080001de   0x00000006   Code   RO          622    .ARM.Collect$$_printf_percent$$0000000A  c_w.l(_printf_u.o)
    0x080001e4   0x080001e4   0x00000006   Code   RO          619    .ARM.Collect$$_printf_percent$$0000000B  c_w.l(_printf_o.o)
    0x080001ea   0x080001ea   0x00000006   Code   RO          617    .ARM.Collect$$_printf_percent$$0000000C  c_w.l(_printf_x.o)
    0x080001f0   0x080001f0   0x00000006   Code   RO          628    .ARM.Collect$$_printf_percent$$0000000D  c_w.l(_printf_lli.o)
    0x080001f6   0x080001f6   0x00000006   Code   RO          629    .ARM.Collect$$_printf_percent$$0000000E  c_w.l(_printf_lld.o)
    0x080001fc   0x080001fc   0x00000006   Code   RO          630    .ARM.Collect$$_printf_percent$$0000000F  c_w.l(_printf_llu.o)
    0x08000202   0x08000202   0x00000006   Code   RO          635    .ARM.Collect$$_printf_percent$$00000010  c_w.l(_printf_llo.o)
    0x08000208   0x08000208   0x00000006   Code   RO          636    .ARM.Collect$$_printf_percent$$00000011  c_w.l(_printf_llx.o)
    0x0800020e   0x0800020e   0x0000000a   Code   RO          632    .ARM.Collect$$_printf_percent$$00000012  c_w.l(_printf_l.o)
    0x08000218   0x08000218   0x00000006   Code   RO          614    .ARM.Collect$$_printf_percent$$00000013  c_w.l(_printf_c.o)
    0x0800021e   0x0800021e   0x00000006   Code   RO          615    .ARM.Collect$$_printf_percent$$00000014  c_w.l(_printf_s.o)
    0x08000224   0x08000224   0x00000006   Code   RO          633    .ARM.Collect$$_printf_percent$$00000015  c_w.l(_printf_lc.o)
    0x0800022a   0x0800022a   0x00000006   Code   RO          634    .ARM.Collect$$_printf_percent$$00000016  c_w.l(_printf_ls.o)
    0x08000230   0x08000230   0x00000004   Code   RO          675    .ARM.Collect$$_printf_percent$$00000017  c_w.l(_printf_percent_end.o)
    0x08000234   0x08000234   0x00000002   Code   RO          728    .ARM.Collect$$libinit$$00000000  c_w.l(libinit.o)
    0x08000236   0x08000236   0x00000000   Code   RO          744    .ARM.Collect$$libinit$$00000002  c_w.l(libinit2.o)
    0x08000236   0x08000236   0x00000000   Code   RO          746    .ARM.Collect$$libinit$$00000004  c_w.l(libinit2.o)
    0x08000236   0x08000236   0x00000000   Code   RO          749    .ARM.Collect$$libinit$$0000000A  c_w.l(libinit2.o)
    0x08000236   0x08000236   0x00000000   Code   RO          751    .ARM.Collect$$libinit$$0000000C  c_w.l(libinit2.o)
    0x08000236   0x08000236   0x00000000   Code   RO          753    .ARM.Collect$$libinit$$0000000E  c_w.l(libinit2.o)
    0x08000236   0x08000236   0x00000006   Code   RO          754    .ARM.Collect$$libinit$$0000000F  c_w.l(libinit2.o)
    0x0800023c   0x0800023c   0x00000000   Code   RO          756    .ARM.Collect$$libinit$$00000011  c_w.l(libinit2.o)
    0x0800023c   0x0800023c   0x0000000c   Code   RO          757    .ARM.Collect$$libinit$$00000012  c_w.l(libinit2.o)
    0x08000248   0x08000248   0x00000000   Code   RO          758    .ARM.Collect$$libinit$$00000013  c_w.l(libinit2.o)
    0x08000248   0x08000248   0x00000000   Code   RO          760    .ARM.Collect$$libinit$$00000015  c_w.l(libinit2.o)
    0x08000248   0x08000248   0x0000000a   Code   RO          761    .ARM.Collect$$libinit$$00000016  c_w.l(libinit2.o)
    0x08000252   0x08000252   0x00000000   Code   RO          762    .ARM.Collect$$libinit$$00000017  c_w.l(libinit2.o)
    0x08000252   0x08000252   0x00000000   Code   RO          764    .ARM.Collect$$libinit$$00000019  c_w.l(libinit2.o)
    0x08000252   0x08000252   0x00000000   Code   RO          766    .ARM.Collect$$libinit$$0000001B  c_w.l(libinit2.o)
    0x08000252   0x08000252   0x00000000   Code   RO          768    .ARM.Collect$$libinit$$0000001D  c_w.l(libinit2.o)
    0x08000252   0x08000252   0x00000000   Code   RO          770    .ARM.Collect$$libinit$$0000001F  c_w.l(libinit2.o)
    0x08000252   0x08000252   0x00000000   Code   RO          772    .ARM.Collect$$libinit$$00000021  c_w.l(libinit2.o)
    0x08000252   0x08000252   0x00000000   Code   RO          774    .ARM.Collect$$libinit$$00000023  c_w.l(libinit2.o)
    0x08000252   0x08000252   0x00000000   Code   RO          776    .ARM.Collect$$libinit$$00000025  c_w.l(libinit2.o)
    0x08000252   0x08000252   0x00000000   Code   RO          780    .ARM.Collect$$libinit$$0000002C  c_w.l(libinit2.o)
    0x08000252   0x08000252   0x00000000   Code   RO          782    .ARM.Collect$$libinit$$0000002E  c_w.l(libinit2.o)
    0x08000252   0x08000252   0x00000000   Code   RO          784    .ARM.Collect$$libinit$$00000030  c_w.l(libinit2.o)
    0x08000252   0x08000252   0x00000000   Code   RO          786    .ARM.Collect$$libinit$$00000032  c_w.l(libinit2.o)
    0x08000252   0x08000252   0x00000002   Code   RO          787    .ARM.Collect$$libinit$$00000033  c_w.l(libinit2.o)
    0x08000254   0x08000254   0x00000002   Code   RO          805    .ARM.Collect$$libshutdown$$00000000  c_w.l(libshutdown.o)
    0x08000256   0x08000256   0x00000000   Code   RO          815    .ARM.Collect$$libshutdown$$00000002  c_w.l(libshutdown2.o)
    0x08000256   0x08000256   0x00000000   Code   RO          817    .ARM.Collect$$libshutdown$$00000004  c_w.l(libshutdown2.o)
    0x08000256   0x08000256   0x00000000   Code   RO          819    .ARM.Collect$$libshutdown$$00000006  c_w.l(libshutdown2.o)
    0x08000256   0x08000256   0x00000000   Code   RO          822    .ARM.Collect$$libshutdown$$00000009  c_w.l(libshutdown2.o)
    0x08000256   0x08000256   0x00000000   Code   RO          825    .ARM.Collect$$libshutdown$$0000000C  c_w.l(libshutdown2.o)
    0x08000256   0x08000256   0x00000000   Code   RO          827    .ARM.Collect$$libshutdown$$0000000E  c_w.l(libshutdown2.o)
    0x08000256   0x08000256   0x00000000   Code   RO          830    .ARM.Collect$$libshutdown$$00000011  c_w.l(libshutdown2.o)
    0x08000256   0x08000256   0x00000002   Code   RO          831    .ARM.Collect$$libshutdown$$00000012  c_w.l(libshutdown2.o)
    0x08000258   0x08000258   0x00000000   Code   RO          543    .ARM.Collect$$rtentry$$00000000  c_w.l(__rtentry.o)
    0x08000258   0x08000258   0x00000000   Code   RO          649    .ARM.Collect$$rtentry$$00000002  c_w.l(__rtentry2.o)
    0x08000258   0x08000258   0x00000006   Code   RO          661    .ARM.Collect$$rtentry$$00000004  c_w.l(__rtentry4.o)
    0x0800025e   0x0800025e   0x00000000   Code   RO          651    .ARM.Collect$$rtentry$$00000009  c_w.l(__rtentry2.o)
    0x0800025e   0x0800025e   0x00000004   Code   RO          652    .ARM.Collect$$rtentry$$0000000A  c_w.l(__rtentry2.o)
    0x08000262   0x08000262   0x00000000   Code   RO          654    .ARM.Collect$$rtentry$$0000000C  c_w.l(__rtentry2.o)
    0x08000262   0x08000262   0x00000008   Code   RO          655    .ARM.Collect$$rtentry$$0000000D  c_w.l(__rtentry2.o)
    0x0800026a   0x0800026a   0x00000002   Code   RO          736    .ARM.Collect$$rtexit$$00000000  c_w.l(rtexit.o)
    0x0800026c   0x0800026c   0x00000000   Code   RO          789    .ARM.Collect$$rtexit$$00000002  c_w.l(rtexit2.o)
    0x0800026c   0x0800026c   0x00000004   Code   RO          790    .ARM.Collect$$rtexit$$00000003  c_w.l(rtexit2.o)
    0x08000270   0x08000270   0x00000006   Code   RO          791    .ARM.Collect$$rtexit$$00000004  c_w.l(rtexit2.o)
    0x08000276   0x08000276   0x00000002   PAD
    0x08000278   0x08000278   0x0000000c   Code   RO          132    .emb_text           sys.o
    0x08000284   0x08000284   0x00000038   Code   RO            4    .text               startup_stm32f10x_hd.o
    0x080002bc   0x080002bc   0x000000ac   Code   RO           12    .text               main.o
    0x08000368   0x08000368   0x000000b0   Code   RO          110    .text               delay.o
    0x08000418   0x08000418   0x000002bc   Code   RO          133    .text               sys.o
    0x080006d4   0x080006d4   0x00000184   Code   RO          156    .text               usart.o
    0x08000858   0x08000858   0x00000258   Code   RO          187    .text               usart2.o
    0x08000ab0   0x08000ab0   0x000000ec   Code   RO          224    .text               changemode.o
    0x08000b9c   0x08000b9c   0x00000224   Code   RO          246    .text               pwm.o
    0x08000dc0   0x08000dc0   0x000001a0   Code   RO          266    .text               check.o
    0x08000f60   0x08000f60   0x0000010c   Code   RO          287    .text               infrared.o
    0x0800106c   0x0800106c   0x0000009c   Code   RO          308    .text               key.o
    0x08001108   0x08001108   0x000001b0   Code   RO          328    .text               led.o
    0x080012b8   0x080012b8   0x00000280   Code   RO          349    .text               nixietube.o
    0x08001538   0x08001538   0x0000028c   Code   RO          369    .text               ultrasonic.o
    0x080017c4   0x080017c4   0x0000006c   Code   RO          392    .text               buzzer.o
    0x08001830   0x08001830   0x00000130   Code   RO          412    .text               copycat.o
    0x08001960   0x08001960   0x000003a0   Code   RO          435    .text               remote.o
    0x08001d00   0x08001d00   0x00000130   Code   RO          458    .text               bluetooth.o
    0x08001e30   0x08001e30   0x00000002   Code   RO          479    .text               c_w.l(use_no_semi_2.o)
    0x08001e32   0x08001e32   0x00000002   PAD
    0x08001e34   0x08001e34   0x00000024   Code   RO          481    .text               c_w.l(c89vsprintf.o)
    0x08001e58   0x08001e58   0x00000018   Code   RO          483    .text               c_w.l(__2printf.o)
    0x08001e70   0x08001e70   0x0000003e   Code   RO          487    .text               c_w.l(strlen.o)
    0x08001eae   0x08001eae   0x00000006   Code   RO          489    .text               c_w.l(heapauxi.o)
    0x08001eb4   0x08001eb4   0x00000002   Code   RO          541    .text               c_w.l(use_no_semi.o)
    0x08001eb6   0x08001eb6   0x0000004e   Code   RO          546    .text               c_w.l(_printf_pad.o)
    0x08001f04   0x08001f04   0x00000024   Code   RO          548    .text               c_w.l(_printf_truncate.o)
    0x08001f28   0x08001f28   0x00000052   Code   RO          550    .text               c_w.l(_printf_str.o)
    0x08001f7a   0x08001f7a   0x00000002   PAD
    0x08001f7c   0x08001f7c   0x00000078   Code   RO          552    .text               c_w.l(_printf_dec.o)
    0x08001ff4   0x08001ff4   0x00000028   Code   RO          554    .text               c_w.l(_printf_charcount.o)
    0x0800201c   0x0800201c   0x00000030   Code   RO          556    .text               c_w.l(_printf_char_common.o)
    0x0800204c   0x0800204c   0x0000000a   Code   RO          558    .text               c_w.l(_sputc.o)
    0x08002056   0x08002056   0x00000002   PAD
    0x08002058   0x08002058   0x00000024   Code   RO          560    .text               c_w.l(_printf_char_file.o)
    0x0800207c   0x0800207c   0x000000bc   Code   RO          562    .text               c_w.l(_printf_wctomb.o)
    0x08002138   0x08002138   0x0000007c   Code   RO          565    .text               c_w.l(_printf_longlong_dec.o)
    0x080021b4   0x080021b4   0x00000070   Code   RO          571    .text               c_w.l(_printf_oct_int_ll.o)
    0x08002224   0x08002224   0x00000094   Code   RO          591    .text               c_w.l(_printf_hex_int_ll_ptr.o)
    0x080022b8   0x080022b8   0x00000188   Code   RO          611    .text               c_w.l(__printf_flags_ss_wp.o)
    0x08002440   0x08002440   0x0000008a   Code   RO          663    .text               c_w.l(lludiv10.o)
    0x080024ca   0x080024ca   0x000000b2   Code   RO          665    .text               c_w.l(_printf_intcommon.o)
    0x0800257c   0x0800257c   0x0000041e   Code   RO          667    .text               c_w.l(_printf_fp_dec.o)
    0x0800299a   0x0800299a   0x0000002c   Code   RO          671    .text               c_w.l(_printf_char.o)
    0x080029c6   0x080029c6   0x0000002c   Code   RO          673    .text               c_w.l(_printf_wchar.o)
    0x080029f2   0x080029f2   0x00000008   Code   RO          676    .text               c_w.l(ferror.o)
    0x080029fa   0x080029fa   0x00000040   Code   RO          680    .text               c_w.l(_wcrtomb.o)
    0x08002a3a   0x08002a3a   0x0000004a   Code   RO          682    .text               c_w.l(sys_stackheap_outer.o)
    0x08002a84   0x08002a84   0x00000010   Code   RO          684    .text               c_w.l(rt_ctype_table.o)
    0x08002a94   0x08002a94   0x00000008   Code   RO          689    .text               c_w.l(rt_locale_intlibspace.o)
    0x08002a9c   0x08002a9c   0x00000080   Code   RO          691    .text               c_w.l(_printf_fp_infnan.o)
    0x08002b1c   0x08002b1c   0x000000e4   Code   RO          693    .text               c_w.l(bigflt0.o)
    0x08002c00   0x08002c00   0x00000012   Code   RO          721    .text               c_w.l(exit.o)
    0x08002c12   0x08002c12   0x00000002   PAD
    0x08002c14   0x08002c14   0x00000008   Code   RO          733    .text               c_w.l(libspace.o)
    0x08002c1c   0x08002c1c   0x00000080   Code   RO          741    .text               c_w.l(strcmpv7m.o)
    0x08002c9c   0x08002c9c   0x0000003e   Code   RO          696    CL$$btod_d2e        c_w.l(btod.o)
    0x08002cda   0x08002cda   0x00000046   Code   RO          698    CL$$btod_d2e_denorm_low  c_w.l(btod.o)
    0x08002d20   0x08002d20   0x00000060   Code   RO          697    CL$$btod_d2e_norm_op1  c_w.l(btod.o)
    0x08002d80   0x08002d80   0x00000338   Code   RO          706    CL$$btod_div_common  c_w.l(btod.o)
    0x080030b8   0x080030b8   0x000000dc   Code   RO          703    CL$$btod_e2e        c_w.l(btod.o)
    0x08003194   0x08003194   0x0000002a   Code   RO          700    CL$$btod_ediv       c_w.l(btod.o)
    0x080031be   0x080031be   0x0000002a   Code   RO          699    CL$$btod_emul       c_w.l(btod.o)
    0x080031e8   0x080031e8   0x00000244   Code   RO          705    CL$$btod_mult_common  c_w.l(btod.o)
    0x0800342c   0x0800342c   0x00000028   Code   RO          731    i.__ARM_fpclassify  m_ws.l(fpclassify.o)
    0x08003454   0x08003454   0x0000000e   Code   RO          604    i._is_digit         c_w.l(__printf_wp.o)
    0x08003462   0x08003462   0x00000002   PAD
    0x08003464   0x08003464   0x0000002c   Code   RO          719    locale$$code        c_w.l(lc_numeric_c.o)
    0x08003490   0x08003490   0x0000002c   Code   RO          739    locale$$code        c_w.l(lc_ctype_c.o)
    0x080034bc   0x080034bc   0x00000150   Code   RO          493    x$fpl$dadd          fz_ws.l(daddsub_clz.o)
    0x0800360c   0x0800360c   0x000002b0   Code   RO          500    x$fpl$ddiv          fz_ws.l(ddiv.o)
    0x080038bc   0x080038bc   0x0000005e   Code   RO          503    x$fpl$dfix          fz_ws.l(dfix.o)
    0x0800391a   0x0800391a   0x00000002   PAD
    0x0800391c   0x0800391c   0x0000005a   Code   RO          507    x$fpl$dfixu         fz_ws.l(dfixu.o)
    0x08003976   0x08003976   0x0000002e   Code   RO          512    x$fpl$dflt          fz_ws.l(dflt_clz.o)
    0x080039a4   0x080039a4   0x00000154   Code   RO          517    x$fpl$dmul          fz_ws.l(dmul.o)
    0x08003af8   0x08003af8   0x0000009c   Code   RO          637    x$fpl$dnaninf       fz_ws.l(dnaninf.o)
    0x08003b94   0x08003b94   0x0000000c   Code   RO          639    x$fpl$dretinf       fz_ws.l(dretinf.o)
    0x08003ba0   0x08003ba0   0x000001d4   Code   RO          495    x$fpl$dsub          fz_ws.l(daddsub_clz.o)
    0x08003d74   0x08003d74   0x000000c4   Code   RO          519    x$fpl$fadd          fz_ws.l(faddsub_clz.o)
    0x08003e38   0x08003e38   0x00000184   Code   RO          526    x$fpl$fdiv          fz_ws.l(fdiv.o)
    0x08003fbc   0x08003fbc   0x0000003e   Code   RO          529    x$fpl$ffixu         fz_ws.l(ffixu.o)
    0x08003ffa   0x08003ffa   0x00000002   PAD
    0x08003ffc   0x08003ffc   0x00000026   Code   RO          533    x$fpl$ffltu         fz_ws.l(fflt_clz.o)
    0x08004022   0x08004022   0x00000002   PAD
    0x08004024   0x08004024   0x00000102   Code   RO          539    x$fpl$fmul          fz_ws.l(fmul.o)
    0x08004126   0x08004126   0x0000008c   Code   RO          641    x$fpl$fnaninf       fz_ws.l(fnaninf.o)
    0x080041b2   0x080041b2   0x0000000a   Code   RO          643    x$fpl$fretinf       fz_ws.l(fretinf.o)
    0x080041bc   0x080041bc   0x00000014   Code   RO          520    x$fpl$frsb          fz_ws.l(faddsub_clz.o)
    0x080041d0   0x080041d0   0x000000ea   Code   RO          521    x$fpl$fsub          fz_ws.l(faddsub_clz.o)
    0x080042ba   0x080042ba   0x00000004   Code   RO          645    x$fpl$printf1       fz_ws.l(printf1.o)
    0x080042be   0x080042be   0x00000000   Code   RO          647    x$fpl$usenofp       fz_ws.l(usenofp.o)
    0x080042be   0x080042be   0x00000002   PAD
    0x080042c0   0x080042c0   0x00000008   Data   RO          563    .constdata          c_w.l(_printf_wctomb.o)
    0x080042c8   0x080042c8   0x00000028   Data   RO          592    .constdata          c_w.l(_printf_hex_int_ll_ptr.o)
    0x080042f0   0x080042f0   0x00000011   Data   RO          612    .constdata          c_w.l(__printf_flags_ss_wp.o)
    0x08004301   0x08004301   0x00000003   PAD
    0x08004304   0x08004304   0x00000094   Data   RO          694    .constdata          c_w.l(bigflt0.o)
    0x08004398   0x08004398   0x00000020   Data   RO          863    Region$$Table       anon$$obj.o
    0x080043b8   0x080043b8   0x0000001c   Data   RO          718    locale$$data        c_w.l(lc_numeric_c.o)
    0x080043d4   0x080043d4   0x00000110   Data   RO          738    locale$$data        c_w.l(lc_ctype_c.o)


    Execution Region RW_IRAM1 (Exec base: 0x20000000, Load base: 0x080044e4, Size: 0x000008e8, Max: 0x0000c000, ABSOLUTE)

    Exec Addr    Load Addr    Size         Type   Attr      Idx    E Section Name        Object

    0x20000000   0x080044e4   0x00000002   Data   RW           13    .data               main.o
    0x20000002   0x080044e6   0x00000004   Data   RW          111    .data               delay.o
    0x20000006   0x080044ea   0x00000002   PAD
    0x20000008   0x080044ec   0x00000006   Data   RW          158    .data               usart.o
    0x2000000e   0x080044f2   0x00000002   Data   RW          189    .data               usart2.o
    0x20000010   0x080044f4   0x00000001   Data   RW          225    .data               changemode.o
    0x20000011   0x080044f5   0x00000001   PAD
    0x20000012   0x080044f6   0x00000006   Data   RW          370    .data               ultrasonic.o
    0x20000018   0x080044fc   0x00000008   Data   RW          436    .data               remote.o
    0x20000020        -       0x000000c8   Zero   RW          157    .bss                usart.o
    0x200000e8        -       0x00000190   Zero   RW          188    .bss                usart2.o
    0x20000278        -       0x0000000c   Zero   RW          413    .bss                copycat.o
    0x20000284        -       0x00000060   Zero   RW          734    .bss                c_w.l(libspace.o)
    0x200002e4   0x08004504   0x00000004   PAD
    0x200002e8        -       0x00000200   Zero   RW            2    HEAP                startup_stm32f10x_hd.o
    0x200004e8        -       0x00000400   Zero   RW            1    STACK               startup_stm32f10x_hd.o


==============================================================================

Image component sizes


      Code (inc. data)   RO Data    RW Data    ZI Data      Debug   Object Name

       304         26          0          0          0        799   bluetooth.o
       108         16          0          0          0        685   buzzer.o
       236         26          0          1          0       1048   changemode.o
       416          4          0          0          0        779   check.o
       304         22          0          0         12       1128   copycat.o
       176          8          0          4          0        987   delay.o
       268         30          0          0          0        657   infrared.o
       156         12          0          0          0        447   key.o
       432         28          0          0          0        885   led.o
       172         18          0          2          0     209382   main.o
       640         36          0          0          0       1731   nixietube.o
       548         34          0          0          0       1165   pwm.o
       928         34          0          8          0       1505   remote.o
        56         22        304          0       1536        780   startup_stm32f10x_hd.o
       712         44          0          0          0       2767   sys.o
       652         38          0          6          0       2281   ultrasonic.o
       388         26          0          6        200       3082   usart.o
       600         34          0          2        400       3329   usart2.o

    ----------------------------------------------------------------------
      7096        458        336         32       2148     233437   Object Totals
         0          0         32          0          0          0   (incl. Generated)
         0          0          0          3          0          0   (incl. Padding)

    ----------------------------------------------------------------------

      Code (inc. data)   RO Data    RW Data    ZI Data      Debug   Library Member Name

        24          4          0          0          0         84   __2printf.o
         8          0          0          0          0         68   __main.o
       392          4         17          0          0         92   __printf_flags_ss_wp.o
        14          0          0          0          0         68   __printf_wp.o
         0          0          0          0          0          0   __rtentry.o
        12          0          0          0          0          0   __rtentry2.o
         6          0          0          0          0          0   __rtentry4.o
        52          8          0          0          0          0   __scatter.o
        26          0          0          0          0          0   __scatter_copy.o
        28          0          0          0          0          0   __scatter_zi.o
         6          0          0          0          0          0   _printf_a.o
         6          0          0          0          0          0   _printf_c.o
        44          0          0          0          0        108   _printf_char.o
        48          6          0          0          0         96   _printf_char_common.o
        36          4          0          0          0         80   _printf_char_file.o
        40          0          0          0          0         68   _printf_charcount.o
         6          0          0          0          0          0   _printf_d.o
       120         16          0          0          0         92   _printf_dec.o
         6          0          0          0          0          0   _printf_e.o
         6          0          0          0          0          0   _printf_f.o
      1054          0          0          0          0        216   _printf_fp_dec.o
       128         16          0          0          0         84   _printf_fp_infnan.o
         6          0          0          0          0          0   _printf_g.o
       148          4         40          0          0        160   _printf_hex_int_ll_ptr.o
         6          0          0          0          0          0   _printf_i.o
       178          0          0          0          0         88   _printf_intcommon.o
        10          0          0          0          0          0   _printf_l.o
         6          0          0          0          0          0   _printf_lc.o
        10          0          0          0          0          0   _printf_ll.o
         6          0          0          0          0          0   _printf_lld.o
         6          0          0          0          0          0   _printf_lli.o
         6          0          0          0          0          0   _printf_llo.o
         6          0          0          0          0          0   _printf_llu.o
         6          0          0          0          0          0   _printf_llx.o
       124         16          0          0          0         92   _printf_longlong_dec.o
         6          0          0          0          0          0   _printf_ls.o
         6          0          0          0          0          0   _printf_n.o
         6          0          0          0          0          0   _printf_o.o
       112         10          0          0          0        124   _printf_oct_int_ll.o
         6          0          0          0          0          0   _printf_p.o
        78          0          0          0          0        108   _printf_pad.o
         0          0          0          0          0          0   _printf_percent.o
         4          0          0          0          0          0   _printf_percent_end.o
         6          0          0          0          0          0   _printf_s.o
        82          0          0          0          0         80   _printf_str.o
        36          0          0          0          0         84   _printf_truncate.o
         6          0          0          0          0          0   _printf_u.o
        44          0          0          0          0        108   _printf_wchar.o
       188          6          8          0          0         92   _printf_wctomb.o
         6          0          0          0          0          0   _printf_x.o
        10          0          0          0          0         68   _sputc.o
        64          0          0          0          0         92   _wcrtomb.o
       228          4        148          0          0         96   bigflt0.o
      1936        128          0          0          0        672   btod.o
        36          4          0          0          0         76   c89vsprintf.o
        18          0          0          0          0         80   exit.o
         8          0          0          0          0         68   ferror.o
         6          0          0          0          0        152   heapauxi.o
        44         10        272          0          0         76   lc_ctype_c.o
        44         10         28          0          0         76   lc_numeric_c.o
         2          0          0          0          0          0   libinit.o
        30          0          0          0          0          0   libinit2.o
         2          0          0          0          0          0   libshutdown.o
         2          0          0          0          0          0   libshutdown2.o
         8          4          0          0         96         68   libspace.o
       138          0          0          0          0         80   lludiv10.o
        16          4          0          0          0         76   rt_ctype_table.o
         8          4          0          0          0         68   rt_locale_intlibspace.o
         2          0          0          0          0          0   rtexit.o
        10          0          0          0          0          0   rtexit2.o
       128          0          0          0          0         68   strcmpv7m.o
        62          0          0          0          0         76   strlen.o
        74          0          0          0          0         80   sys_stackheap_outer.o
         2          0          0          0          0         68   use_no_semi.o
         2          0          0          0          0         68   use_no_semi_2.o
       804         16          0          0          0        272   daddsub_clz.o
       688        140          0          0          0        208   ddiv.o
        94          4          0          0          0         92   dfix.o
        90          4          0          0          0         92   dfixu.o
        46          0          0          0          0         68   dflt_clz.o
       340         12          0          0          0        104   dmul.o
       156          4          0          0          0         92   dnaninf.o
        12          0          0          0          0         68   dretinf.o
       450          8          0          0          0        236   faddsub_clz.o
       388         76          0          0          0         96   fdiv.o
        62          4          0          0          0         84   ffixu.o
        38          0          0          0          0         68   fflt_clz.o
       258          4          0          0          0         84   fmul.o
       140          4          0          0          0         84   fnaninf.o
        10          0          0          0          0         68   fretinf.o
         4          0          0          0          0         68   printf1.o
         0          0          0          0          0          0   usenofp.o
        40          0          0          0          0         68   fpclassify.o

    ----------------------------------------------------------------------
      9688        538        516          0        100       5952   Library Totals
        22          0          3          0          4          0   (incl. Padding)

    ----------------------------------------------------------------------

      Code (inc. data)   RO Data    RW Data    ZI Data      Debug   Library Name

      6046        262        513          0         96       4100   c_w.l
      3580        276          0          0          0       1784   fz_ws.l
        40          0          0          0          0         68   m_ws.l

    ----------------------------------------------------------------------
      9688        538        516          0        100       5952   Library Totals

    ----------------------------------------------------------------------

==============================================================================


      Code (inc. data)   RO Data    RW Data    ZI Data      Debug   

     16784        996        852         32       2248     234705   Grand Totals
     16784        996        852         32       2248     234705   ELF Image Totals
     16784        996        852         32          0          0   ROM Totals

==============================================================================

    Total RO  Size (Code + RO Data)                17636 (  17.22kB)
    Total RW  Size (RW Data + ZI Data)              2280 (   2.23kB)
    Total ROM Size (Code + RO Data + RW Data)      17668 (  17.25kB)

==============================================================================

